80.108.25.232 - - [21/May/2018:21:05:26 +0000] "GET /presentations/logstash-puppetconf-2012/js/reveal.js HTTP/1.1" 200 29108 "http://semicomplete.com/presentations/logstash-puppetconf-2012/" "Mozilla/5.0 (X11; Linux x86_64; rv:27.0) Gecko/20100101 Firefox/27.0"
80.108.25.232 - - [21/May/2018:21:05:19 +0000] "GET /presentations/logstash-puppetconf-2012/images/office-space-printer-beat-down-gif.gif HTTP/1.1" 404 364 "http://semicomplete.com/presentations/logstash-puppetconf-2012/" "Mozilla/5.0 (X11; Linux x86_64; rv:27.0) Gecko/20100101 Firefox/27.0"
80.108.25.232 - - [21/May/2018:21:05:01 +0000] "GET /presentations/logstash-puppetconf-2012/images/nagios-sms5.png HTTP/1.1" 200 78075 "http://semicomplete.com/presentations/logstash-puppetconf-2012/" "Mozilla/5.0 (X11; Linux x86_64; rv:27.0) Gecko/20100101 Firefox/27.0"
80.108.25.232 - - [21/May/2018:21:05:27 +0000] "GET /presentations/logstash-puppetconf-2012/images/nagios-sms6.png HTTP/1.1" 200 82859 "http://semicomplete.com/presentations/logstash-puppetconf-2012/" "Mozilla/5.0 (X11; Linux x86_64; rv:27.0) Gecko/20100101 Firefox/27.0"
80.108.25.232 - - [21/May/2018:21:05:12 +0000] "GET /presentations/logstash-puppetconf-2012/images/pc-load-letter.jpg HTTP/1.1" 200 71808 "http://semicomplete.com/presentations/logstash-puppetconf-2012/" "Mozilla/5.0 (X11; Linux x86_64; rv:27.0) Gecko/20100101 Firefox/27.0"
80.108.25.232 - - [21/May/2018:21:05:29 +0000] "GET /presentations/logstash-puppetconf-2012/images/frontend-response-codes.png HTTP/1.1" 200 52878 "http://semicomplete.com/presentations/logstash-puppetconf-2012/" "Mozilla/5.0 (X11; Linux x86_64; rv:27.0) Gecko/20100101 Firefox/27.0"
80.108.25.232 - - [21/May/2018:21:05:09 +0000] "GET /presentations/logstash-puppetconf-2012/images/xkcd-perl.png HTTP/1.1" 200 80663 "http://semicomplete.com/presentations/logstash-puppetconf-2012/" "Mozilla/5.0 (X11; Linux x86_64; rv:27.0) Gecko/20100101 Firefox/27.0"
80.108.25.232 - - [21/May/2018:21:05:57 +0000] "GET /presentations/logstash-puppetconf-2012/images/xkcd-perlswing-many.png HTTP/1.1" 200 100207 "http://semicomplete.com/presentations/logstash-puppetconf-2012/" "Mozilla/5.0 (X11; Linux x86_64; rv:27.0) Gecko/20100101 Firefox/27.0"
80.108.25.232 - - [21/May/2018:21:05:58 +0000] "GET /presentations/logstash-puppetconf-2012/images/lifecycle.png HTTP/1.1" 200 9618 "http://semicomplete.com/presentations/logstash-puppetconf-2012/" "Mozilla/5.0 (X11; Linux x86_64; rv:27.0) Gecko/20100101 Firefox/27.0"
46.105.14.53 - - [21/May/2018:21:05:10 +0000] "GET /blog/tags/puppet?flav=rss20 HTTP/1.1" 200 14872 "-" "UniversalFeedParser/4.2-pre-314-svn +http://feedparser.org/"
80.108.25.232 - - [21/May/2018:21:05:42 +0000] "GET /presentations/logstash-puppetconf-2012/images/kibana-logstash-downloads.png HTTP/1.1" 200 95058 "http://semicomplete.com/presentations/logstash-puppetconf-2012/" "Mozilla/5.0 (X11; Linux x86_64; rv:27.0) Gecko/20100101 Firefox/27.0"
80.108.25.232 - - [21/May/2018:21:05:03 +0000] "GET /presentations/logstash-puppetconf-2012/images/kibana-chef-agent.png HTTP/1.1" 200 73187 "http://semicomplete.com/presentations/logstash-puppetconf-2012/" "Mozilla/5.0 (X11; Linux x86_64; rv:27.0) Gecko/20100101 Firefox/27.0"
80.108.25.232 - - [21/May/2018:21:05:43 +0000] "GET /presentations/logstash-puppetconf-2012/images/trollface.png HTTP/1.1" 200 58123 "http://semicomplete.com/presentations/logstash-puppetconf-2012/" "Mozilla/5.0 (X11; Linux x86_64; rv:27.0) Gecko/20100101 Firefox/27.0"
80.108.25.232 - - [21/May/2018:21:05:54 +0000] "GET /presentations/logstash-puppetconf-2012/images/kibana-chef-hits-6min-each.png HTTP/1.1" 200 80555 "http://semicomplete.com/presentations/logstash-puppetconf-2012/" "Mozilla/5.0 (X11; Linux x86_64; rv:27.0) Gecko/20100101 Firefox/27.0"
80.108.25.232 - - [21/May/2018:21:05:48 +0000] "GET /presentations/logstash-puppetconf-2012/images/computer-keyboard-jacket.jpg HTTP/1.1" 200 176805 "http://semicomplete.com/presentations/logstash-puppetconf-2012/" "Mozilla/5.0 (X11; Linux x86_64; rv:27.0) Gecko/20100101 Firefox/27.0"
80.108.25.232 - - [21/May/2018:21:05:02 +0000] "GET /presentations/logstash-puppetconf-2012/images/stats-negative-min.png HTTP/1.1" 200 46139 "http://semicomplete.com/presentations/logstash-puppetconf-2012/" "Mozilla/5.0 (X11; Linux x86_64; rv:27.0) Gecko/20100101 Firefox/27.0"
80.108.25.232 - - [21/May/2018:21:05:30 +0000] "GET /presentations/logstash-puppetconf-2012/images/psychoaxe.jpg HTTP/1.1" 200 29179 "http://semicomplete.com/presentations/logstash-puppetconf-2012/" "Mozilla/5.0 (X11; Linux x86_64; rv:27.0) Gecko/20100101 Firefox/27.0"
80.108.25.232 - - [21/May/2018:21:05:08 +0000] "GET /presentations/logstash-puppetconf-2012/images/apache-negative-duration.png HTTP/1.1" 200 97173 "http://semicomplete.com/presentations/logstash-puppetconf-2012/" "Mozilla/5.0 (X11; Linux x86_64; rv:27.0) Gecko/20100101 Firefox/27.0"
80.108.25.232 - - [21/May/2018:21:05:29 +0000] "GET /presentations/logstash-puppetconf-2012/images/logs.jpg HTTP/1.1" 200 663847 "http://semicomplete.com/presentations/logstash-puppetconf-2012/" "Mozilla/5.0 (X11; Linux x86_64; rv:27.0) Gecko/20100101 Firefox/27.0"
80.108.25.232 - - [21/May/2018:21:05:11 +0000] "GET /presentations/logstash-puppetconf-2012/lib/font/league_gothic-webfont.ttf HTTP/1.1" 200 42324 "http://semicomplete.com/presentations/logstash-puppetconf-2012/css/main.css" "Mozilla/5.0 (X11; Linux x86_64; rv:27.0) Gecko/20100101 Firefox/27.0"
80.108.25.232 - - [21/May/2018:21:05:55 +0000] "GET /favicon.ico HTTP/1.1" 200 3638 "-" "Mozilla/5.0 (X11; Linux x86_64; rv:27.0) Gecko/20100101 Firefox/27.0"
100.2.4.116 - - [21/May/2018:21:05:53 +0000] "GET /misc/sample.log HTTP/1.1" 200 54306753 "http://www.semicomplete.com/" "Mozilla/5.0 (Macintosh; Intel Mac OS X 10.7; rv:22.0) Gecko/20100101 Firefox/22.0"
100.2.4.116 - - [21/May/2018:21:05:22 +0000] "GET /blog/geekery/mounting-partitions-within-a-disk-image-in-linux.html HTTP/1.1" 200 9699 "http://www.semicomplete.com/" "Mozilla/5.0 (Macintosh; Intel Mac OS X 10.7; rv:22.0) Gecko/20100101 Firefox/22.0"
54.215.54.10 - - [21/May/2018:21:05:35 +0000] "GET /blog/tags/puppet?flav=rss20 HTTP/1.1" 200 14872 "-" "Digg Feed Fetcher 1.0 (Mozilla/5.0 (Macintosh; Intel Mac OS X 10_7_1) AppleWebKit/534.48.3 (KHTML, like Gecko) Version/5.1 Safari/534.48.3)"
180.76.6.131 - - [21/May/2018:21:05:48 +0000] "GET /robots.txt HTTP/1.1" 200 - "-" "Mozilla/5.0 (Windows NT 5.1; rv:6.0.2) Gecko/20100101 Firefox/6.0.2"
46.161.41.24 - - [21/May/2018:21:05:18 +0000]"
50.16.19.13 - - [21/May/2018:21:05:34 +0000] "GET /blog/tags/puppet?flav=rss20 HTTP/1.1" 200 14872 "http://www.semicomplete.com/blog/tags/puppet?flav=rss20" "Tiny Tiny RSS/1.11 (http://tt-rss.org/)"
66.249.73.135 - - [21/May/2018:21:05:40 +0000] "GET /?flav=rss20 HTTP/1.1" 200 29941 "-" "Mozilla/5.0 (compatible; Googlebot/2.1; +http://www.google.com/bot.html)"
68.120.89.142 - - [21/May/2018:21:05:20 +0000] "GET /presentations/logstash-scale11x/images/ahhh___rage_face_by_samusmmx-d5g5zap.png HTTP/1.1" 200 175208 "-" "Mozilla/5.0 (Macintosh; Intel Mac OS X 10_8_5) AppleWebKit/536.30.1 (KHTML, like Gecko) Version/6.0.5 Safari/536.30.1"
208.91.156.11 - - [21/May/2018:21:05:27 +0000] "GET /files/logstash/logstash-1.3.2-monolithic.jar HTTP/1.1" 404 324 "-" "Chef Client/10.18.2 (ruby-1.9.3-p327; ohai-6.16.0; x86_64-linux; +http://opscode.com)"
123.125.71.97 - - [21/May/2018:21:05:58 +0000] "GET / HTTP/1.1" 200 36824 "-" "Mozilla/5.0 (compatible; Baiduspider/2.0; +http://www.baidu.com/search/spider.html)"
68.180.224.225 - - [21/May/2018:21:05:07 +0000] "GET /files/logstash/logstash-1.1.9-flatjar.jar HTTP/1.1" 200 65259653 "-" "Mozilla/5.0 (compatible; Yahoo! Slurp; http://help.yahoo.com/help/us/ysearch/slurp)"
118.92.253.144 - - [21/May/2018:21:05:38 +0000] "GET /presentations/logstash-scale11x/images/ahhh___rage_face_by_samusmmx-d5g5zap.png HTTP/1.1" 200 175208 "http://s-chassis.co.nz/viewtopic.php?f=16&t=9265&start=200" "Mozilla/5.0 (Windows NT 6.1; WOW64; rv:26.0) Gecko/20100101 Firefox/26.0"
205.159.86.10 - - [21/May/2018:21:05:34 +0000] "GET /files/logstash/logstash-1.1.4-monolithic.jar HTTP/1.1" 304 - "-" "Mozilla/4.0 (compatible;)"
68.120.89.142 - - [21/May/2018:21:05:55 +0000] "GET /presentations/logstash-scale11x/images/ahhh___rage_face_by_samusmmx-d5g5zap.png HTTP/1.1" 200 175208 "-" "Mozilla/5.0 (Macintosh; Intel Mac OS X 10_8_5) AppleWebKit/536.30.1 (KHTML, like Gecko) Version/6.0.5 Safari/536.30.1"
220.181.108.185 - - [21/May/2018:21:05:18 +0000] "GET / HTTP/1.1" 200 37932 "-" "Mozilla/5.0 (compatible; Baiduspider/2.0; +http://www.baidu.com/search/spider.html)"
46.105.14.53 - - [21/May/2018:21:05:30 +0000] "GET /blog/tags/puppet?flav=rss20 HTTP/1.1" 200 14872 "-" "UniversalFeedParser/4.2-pre-314-svn +http://feedparser.org/"
202.7.107.76 - - [21/May/2018:21:05:09 +0000] "GET /files/logstash/logstash-1.1.0-monolithic.jar HTTP/1.1" 200 40923996 "http://logstash.net/docs/1.1.0/tutorials/getting-started-centralized" "Mozilla/5.0 (X11; Linux x86_64) AppleWebKit/537.36 (KHTML, like Gecko) Ubuntu Chromium/32.0.1700.102 Chrome/32.0.1700.102 Safari/537.36"
107.170.40.199 - - [21/May/2018:21:05:20 +0000] "GET /?flav=atom HTTP/1.1" 200 32352 "-" "Feedbin - 1 subscribers"
182.253.38.89 - - [21/May/2018:21:05:31 +0000] "GET / HTTP/1.0" 200 37932 "http://www.semicomplete.com/" "Mozilla/5.0 (Macintosh; Intel Mac OS X 10.7; rv:21.0) Gecko/20100101 Firefox/21.0"
182.253.38.89 - - [21/May/2018:21:05:38 +0000] "GET /blog/geekery/installing-windows-8-consumer-preview.html HTTP/1.0" 200 8948 "http://www.semicomplete.com/" "Mozilla/5.0 (Macintosh; Intel Mac OS X 10.7; rv:21.0) Gecko/20100101 Firefox/21.0"
66.249.73.135 - - [21/May/2018:21:05:33 +0000] "GET /blog/geekery/grok-python-rewrite.html HTTP/1.1" 200 10231 "-" "Mozilla/5.0 (compatible; Googlebot/2.1; +http://www.google.com/bot.html)"
65.55.213.74 - - [21/May/2018:21:05:43 +0000] "GET /robots.txt HTTP/1.1" 200 - "-" "msnbot/2.0b (+http://search.msn.com/msnbot.htm)"
65.55.213.74 - - [21/May/2018:21:05:04 +0000] "GET / HTTP/1.1" 200 37932 "-" "msnbot/2.0b (+http://search.msn.com/msnbot.htm)"
208.115.113.88 - - [21/May/2018:21:05:11 +0000] "GET /blog/geekery/jquery-formfill-v2.html HTTP/1.1" 200 9822 "-" "Mozilla/5.0 (compatible; Ezooms/1.0; help@moz.com)"
208.115.113.88 - - [21/May/2018:21:05:28 +0000] "GET /files/blogposts/20070623/ HTTP/1.1" 200 1872 "-" "Mozilla/5.0 (compatible; Ezooms/1.0; help@moz.com)"
208.115.113.88 - - [21/May/2018:21:05:22 +0000] "GET /files/blogposts/20070915/patch-ruby1.8.6-regparse.c HTTP/1.1" 200 2729 "-" "Mozilla/5.0 (compatible; Ezooms/1.0; help@moz.com)"
46.105.14.53 - - [21/May/2018:21:05:04 +0000] "GET /blog/tags/puppet?flav=rss20 HTTP/1.1" 200 14872 "-" "UniversalFeedParser/4.2-pre-314-svn +http://feedparser.org/"
208.115.113.88 - - [21/May/2018:21:05:03 +0000] "GET /files/blogposts/20081105/?C=S;O=D HTTP/1.1" 200 968 "-" "Mozilla/5.0 (compatible; Ezooms/1.0; help@moz.com)"
74.125.176.84 - - [21/May/2018:21:05:41 +0000] "GET /?flav=rss20 HTTP/1.1" 200 29941 "-" "FeedBurner/1.0 (http://www.FeedBurner.com)"
68.120.89.142 - - [21/May/2018:21:05:47 +0000] "GET /presentations/logstash-scale11x/images/ahhh___rage_face_by_samusmmx-d5g5zap.png HTTP/1.1" 200 175208 "-" "Mozilla/5.0 (Macintosh; Intel Mac OS X 10_8_5) AppleWebKit/536.30.1 (KHTML, like Gecko) Version/6.0.5 Safari/536.30.1"
208.115.113.88 - - [21/May/2018:21:05:58 +0000] "GET /files/hello/?C=D;O=D HTTP/1.1" 200 1123 "-" "Mozilla/5.0 (compatible; Ezooms/1.0; help@moz.com)"
208.115.113.88 - - [21/May/2018:21:05:21 +0000] "GET /files/hello/?C=N;O=A HTTP/1.1" 200 1123 "-" "Mozilla/5.0 (compatible; Ezooms/1.0; help@moz.com)"
208.115.113.88 - - [21/May/2018:21:05:46 +0000] "GET /files/rubygems615/?C=N;O=D HTTP/1.1" 200 1867 "-" "Mozilla/5.0 (compatible; Ezooms/1.0; help@moz.com)"
208.115.113.88 - - [21/May/2018:21:05:08 +0000] "GET /scripts/repopulate HTTP/1.1" 200 481 "-" "Mozilla/5.0 (compatible; Ezooms/1.0; help@moz.com)"
208.43.252.200 - - [21/May/2018:21:05:34 +0000] "GET /robots.txt HTTP/1.1" 200 - "-" "Mozilla/5.0 (compatible; MSIE 9.0; Windows NT 6.1; WOW64; Trident/5.0; chromeframe/19.0.1084.52)"
208.43.252.200 - - [21/May/2018:21:05:56 +0000] "GET /blog/geekery/vim-function-to-make-errors-readable.html HTTP/1.1" 200 10260 "-" "Mozilla/5.0 (compatible; MSIE 9.0; Windows NT 6.1; WOW64; Trident/5.0; chromeframe/19.0.1084.52)"
208.43.252.200 - - [21/May/2018:21:05:21 +0000] "GET /blog/geekery/tsawm-window-manager-project.html HTTP/1.1" 200 10489 "-" "Mozilla/5.0 (compatible; MSIE 9.0; Windows NT 6.1; WOW64; Trident/5.0; chromeframe/19.0.1084.52)"
208.43.252.200 - - [21/May/2018:21:05:40 +0000] "GET /blog/geekery/puppet-nodeless-configuration.html HTTP/1.1" 200 10301 "-" "Mozilla/5.0 (compatible; MSIE 9.0; Windows NT 6.1; WOW64; Trident/5.0; chromeframe/19.0.1084.52)"
199.30.20.6 - - [21/May/2018:21:05:28 +0000] "GET /robots.txt HTTP/1.1" 200 - "-" "msnbot-media/1.1 (+http://search.msn.com/msnbot.htm)"
199.30.20.6 - - [21/May/2018:21:05:41 +0000] "GET /presentations/logstash-1/file/logstash/logstash.png HTTP/1.1" 200 47731 "-" "msnbot-media/1.1 (+http://search.msn.com/msnbot.htm)"
208.43.252.200 - - [21/May/2018:21:05:47 +0000] "GET /blog/geekery/puppet-facts-into-mcollective.html HTTP/1.1" 200 9872 "-" "Mozilla/5.0 (compatible; MSIE 9.0; Windows NT 6.1; WOW64; Trident/5.0; chromeframe/19.0.1084.52)"
208.43.252.200 - - [21/May/2018:21:05:02 +0000] "GET /blog/geekery/oniguruma-named-capture-example.html HTTP/1.1" 200 9208 "-" "Mozilla/5.0 (compatible; MSIE 9.0; Windows NT 6.1; WOW64; Trident/5.0; chromeframe/19.0.1084.52)"
208.43.252.200 - - [21/May/2018:21:05:22 +0000] "GET /blog/geekery/insist-on-better-asserts.html HTTP/1.1" 200 9514 "-" "Mozilla/5.0 (compatible; MSIE 9.0; Windows NT 6.1; WOW64; Trident/5.0; chromeframe/19.0.1084.52)"
208.43.252.200 - - [21/May/2018:21:05:09 +0000] "GET /blog/geekery/grok-and-eventdb.html HTTP/1.1" 200 12456 "-" "Mozilla/5.0 (compatible; MSIE 9.0; Windows NT 6.1; WOW64; Trident/5.0; chromeframe/19.0.1084.52)"
61.12.113.192 - - [21/May/2018:21:05:23 +0000] "GET /blog/geekery/python-packages-as-rpm.html HTTP/1.0" 200 11338 "http://www.google.co.in/url?sa=t&rct=j&q=&esrc=s&source=web&cd=7&cad=rja&ved=0CE0QFjAG&url=http%3A%2F%2Fwww.semicomplete.com%2Fblog%2Fgeekery%2Fpython-packages-as-rpm.html&ei=m-b9Upv9A8mOrQfI9IDQBQ&usg=AFQjCNFjLzIsUiYXkWnxl0JvY_Ie1VSKVw&bvm=bv.61190604,d.bmk" "Mozilla/5.0 (Windows NT 5.1; rv:19.0) Gecko/20100101 Firefox/19.0"
61.12.113.192 - - [21/May/2018:21:05:10 +0000] "GET /style2.css HTTP/1.0" 200 4877 "http://www.semicomplete.com/blog/geekery/python-packages-as-rpm.html" "Mozilla/5.0 (Windows NT 5.1; rv:19.0) Gecko/20100101 Firefox/19.0"
61.12.113.192 - - [21/May/2018:21:05:33 +0000] "GET /reset.css HTTP/1.0" 200 1015 "http://www.semicomplete.com/blog/geekery/python-packages-as-rpm.html" "Mozilla/5.0 (Windows NT 5.1; rv:19.0) Gecko/20100101 Firefox/19.0"
61.12.113.192 - - [21/May/2018:21:05:03 +0000] "GET /images/jordan-80.png HTTP/1.0" 200 6146 "http://www.semicomplete.com/blog/geekery/python-packages-as-rpm.html" "Mozilla/5.0 (Windows NT 5.1; rv:19.0) Gecko/20100101 Firefox/19.0"
61.12.113.192 - - [21/May/2018:21:05:56 +0000] "GET /favicon.ico HTTP/1.0" 200 3638 "-" "Mozilla/5.0 (Windows NT 5.1; rv:19.0) Gecko/20100101 Firefox/19.0"
61.12.113.192 - - [21/May/2018:21:05:09 +0000] "GET /images/web/2009/banner.png HTTP/1.0" 200 52315 "http://www.semicomplete.com/style2.css" "Mozilla/5.0 (Windows NT 5.1; rv:19.0) Gecko/20100101 Firefox/19.0"
208.43.252.200 - - [21/May/2018:21:05:11 +0000] "GET /blog/geekery/grok-1.20101030.html HTTP/1.1" 200 9659 "-" "Mozilla/5.0 (compatible; MSIE 9.0; Windows NT 6.1; WOW64; Trident/5.0; chromeframe/19.0.1084.52)"
208.43.252.200 - - [21/May/2018:21:05:24 +0000] "GET /blog/geekery/find-that-lost-screen-session.html HTTP/1.1" 200 11214 "-" "Mozilla/5.0 (compatible; MSIE 9.0; Windows NT 6.1; WOW64; Trident/5.0; chromeframe/19.0.1084.52)"
208.43.251.181 - - [21/May/2018:21:05:37 +0000] "GET /blog/geekery/boost-xpressive-testing.html HTTP/1.1" 200 10337 "-" "Mozilla/5.0 (compatible; MSIE 9.0; Windows NT 6.1; WOW64; Trident/5.0; chromeframe/19.0.1084.52)"
208.43.251.181 - - [21/May/2018:21:05:53 +0000] "GET /blog/geekery/a-step-in-a-new-direction.html HTTP/1.1" 200 15431 "-" "Mozilla/5.0 (compatible; MSIE 9.0; Windows NT 6.1; WOW64; Trident/5.0; chromeframe/19.0.1084.52)"
208.43.251.181 - - [21/May/2018:21:05:13 +0000] "GET /articles/ssh-security/ HTTP/1.1" 200 16543 "-" "Mozilla/5.0 (compatible; MSIE 9.0; Windows NT 6.1; WOW64; Trident/5.0; chromeframe/19.0.1084.52)"
208.43.251.181 - - [21/May/2018:21:05:48 +0000] "GET /projects/xdotool HTTP/1.1" 301 339 "-" "Mozilla/5.0 (compatible; MSIE 9.0; Windows NT 6.1; WOW64; Trident/5.0; chromeframe/19.0.1084.52)"
208.43.251.181 - - [21/May/2018:21:05:46 +0000] "GET /blog/geekery/ssl-latency.html HTTP/1.1" 200 17147 "-" "Mozilla/5.0 (compatible; MSIE 9.0; Windows NT 6.1; WOW64; Trident/5.0; chromeframe/19.0.1084.52)"
14.207.105.216 - - [21/May/2018:21:05:32 +0000] "GET /projects/xdotool/xdotool.xhtml HTTP/1.1" 200 50112 "https://www.google.co.th/" "Mozilla/5.0 (Windows NT 6.1) AppleWebKit/537.36 (KHTML, like Gecko) Chrome/32.0.1700.107 Safari/537.36"
14.207.105.216 - - [21/May/2018:21:05:41 +0000] "GET /favicon.ico HTTP/1.1" 200 3638 "-" "Mozilla/5.0 (Windows NT 6.1) AppleWebKit/537.36 (KHTML, like Gecko) Chrome/32.0.1700.107 Safari/537.36"
93.91.233.50 - - [21/May/2018:21:05:18 +0000] "GET / HTTP/1.0" 200 37932 "http://www.semicomplete.com/" "Mozilla/5.0 (Macintosh; Intel Mac OS X 10.7; rv:21.0) Gecko/20100101 Firefox/21.0"
93.91.233.50 - - [21/May/2018:21:05:39 +0000] "GET /presentations/logstash-1/ HTTP/1.0" 200 53270 "http://www.semicomplete.com/" "Mozilla/5.0 (Macintosh; Intel Mac OS X 10.7; rv:21.0) Gecko/20100101 Firefox/21.0"
93.91.233.50 - - [21/May/2018:21:05:03 +0000] "GET /presentations/logstash-1/ HTTP/1.0" 200 53270 "http://www.semicomplete.com/" "Mozilla/5.0 (Macintosh; Intel Mac OS X 10.7; rv:21.0) Gecko/20100101 Firefox/21.0"
59.252.170.29 - - [21/May/2018:21:05:51 +0000] "GET /files/logstash/logstash-1.1.0-monolithic.jar HTTP/1.1" 200 40923996 "http://www.oschina.net/p/logstash" "Mozilla/5.0 (Windows NT 6.1; WOW64) AppleWebKit/537.36 (KHTML, like Gecko) Chrome/27.0.1453.93 Safari/537.36"
66.249.73.185 - - [21/May/2018:21:05:43 +0000] "GET /presentations/logstash-puppetconf-2012/images/psychoaxe.jpg HTTP/1.1" 304 - "-" "Googlebot-Image/1.0"
209.85.238.199 - - [21/May/2018:21:05:11 +0000] "GET /test.xml HTTP/1.1" 200 1370 "-" "Feedfetcher-Google; (+http://www.google.com/feedfetcher.html; 1 subscribers; feed-id=11390274670024826467)"
46.105.14.53 - - [21/May/2018:21:05:00 +0000] "GET /blog/tags/puppet?flav=rss20 HTTP/1.1" 200 14872 "-" "UniversalFeedParser/4.2-pre-314-svn +http://feedparser.org/"
208.93.0.48 - - [21/May/2018:21:05:09 +0000] "GET /?flav=atom HTTP/1.1" 200 32352 "-" "LiveJournal.com (webmaster@livejournal.com; for http://www.livejournal.com/users/semicomplete_rs/; 1 readers)"
50.16.19.13 - - [21/May/2018:21:05:22 +0000] "GET /blog/tags/puppet?flav=rss20 HTTP/1.1" 200 14872 "http://www.semicomplete.com/blog/tags/puppet?flav=rss20" "Tiny Tiny RSS/1.11 (http://tt-rss.org/)"
54.220.160.83 - - [21/May/2018:21:05:28 +0000] "GET /images/ec2_m1large_cost.png HTTP/1.1" 200 36159 "-" "Embedly +support@embed.ly"
150.101.221.21 - - [21/May/2018:21:05:02 +0000] "GET /presentations/logstash-scale11x/images/ahhh___rage_face_by_samusmmx-d5g5zap.png HTTP/1.1" 200 175208 "http://s-chassis.co.nz/viewtopic.php?f=16&t=9265&start=200" "Mozilla/5.0 (Macintosh; Intel Mac OS X 10.8; rv:27.0) Gecko/20100101 Firefox/27.0"
24.84.241.107 - - [21/May/2018:21:05:51 +0000] "GET /presentations/vim/ HTTP/1.1" 200 20572 "https://duckduckgo.com/" "Mozilla/5.0 (Macintosh; Intel Mac OS X 10_7_5) AppleWebKit/537.36 (KHTML, like Gecko) Chrome/32.0.1700.107 Safari/537.36"
24.84.241.107 - - [21/May/2018:21:05:17 +0000] "GET /presentations/vim/presenter.xsl HTTP/1.1" 200 3886 "http://www.semicomplete.com/presentations/vim/" "Mozilla/5.0 (Macintosh; Intel Mac OS X 10_7_5) AppleWebKit/537.36 (KHTML, like Gecko) Chrome/32.0.1700.107 Safari/537.36"
24.84.241.107 - - [21/May/2018:21:05:59 +0000] "GET /presentations/vim/presenter.css HTTP/1.1" 200 1774 "http://www.semicomplete.com/presentations/vim/" "Mozilla/5.0 (Macintosh; Intel Mac OS X 10_7_5) AppleWebKit/537.36 (KHTML, like Gecko) Chrome/32.0.1700.107 Safari/537.36"
24.84.241.107 - - [21/May/2018:21:05:28 +0000] "GET /presentations/vim/js/jquery.js HTTP/1.1" 200 14885 "http://www.semicomplete.com/presentations/vim/" "Mozilla/5.0 (Macintosh; Intel Mac OS X 10_7_5) AppleWebKit/537.36 (KHTML, like Gecko) Chrome/32.0.1700.107 Safari/537.36"
24.84.241.107 - - [21/May/2018:21:05:46 +0000] "GET /presentations/vim/js/presenter.js HTTP/1.1" 200 4218 "http://www.semicomplete.com/presentations/vim/" "Mozilla/5.0 (Macintosh; Intel Mac OS X 10_7_5) AppleWebKit/537.36 (KHTML, like Gecko) Chrome/32.0.1700.107 Safari/537.36"
24.84.241.107 - - [21/May/2018:21:05:02 +0000] "GET /presentations/vim/printview.css HTTP/1.1" 200 540 "http://www.semicomplete.com/presentations/vim/" "Mozilla/5.0 (Macintosh; Intel Mac OS X 10_7_5) AppleWebKit/537.36 (KHTML, like Gecko) Chrome/32.0.1700.107 Safari/537.36"
24.84.241.107 - - [21/May/2018:21:05:40 +0000] "GET /presentations/vim/vim-screenshot.png HTTP/1.1" 200 5739 "http://www.semicomplete.com/presentations/vim/" "Mozilla/5.0 (Macintosh; Intel Mac OS X 10_7_5) AppleWebKit/537.36 (KHTML, like Gecko) Chrome/32.0.1700.107 Safari/537.36"
24.84.241.107 - - [21/May/2018:21:05:46 +0000] "GET /presentations/vim/images/expand.png HTTP/1.1" 200 275 "http://www.semicomplete.com/presentations/vim/" "Mozilla/5.0 (Macintosh; Intel Mac OS X 10_7_5) AppleWebKit/537.36 (KHTML, like Gecko) Chrome/32.0.1700.107 Safari/537.36"
24.84.241.107 - - [21/May/2018:21:05:21 +0000] "GET /presentations/vim/presentation-background.png HTTP/1.1" 200 16435 "http://www.semicomplete.com/presentations/vim/" "Mozilla/5.0 (Macintosh; Intel Mac OS X 10_7_5) AppleWebKit/537.36 (KHTML, like Gecko) Chrome/32.0.1700.107 Safari/537.36"
24.84.241.107 - - [21/May/2018:21:05:55 +0000] "GET /favicon.ico HTTP/1.1" 200 3638 "-" "Mozilla/5.0 (Macintosh; Intel Mac OS X 10_7_5) AppleWebKit/537.36 (KHTML, like Gecko) Chrome/32.0.1700.107 Safari/537.36"
176.92.75.62 - - [21/May/2018:21:05:59 +0000] "GET /?page=4 HTTP/1.1" 200 49861 "http://www.semicomplete.com/?page=3" "Mozilla/5.0 (Windows; U; MSIE 9.0; Windows NT 9.0; en-US)"
46.105.14.53 - - [21/May/2018:21:05:45 +0000] "GET /blog/tags/puppet?flav=rss20 HTTP/1.1" 200 14872 "-" "UniversalFeedParser/4.2-pre-314-svn +http://feedparser.org/"
14.203.126.78 - - [21/May/2018:21:05:53 +0000] "GET /favicon.ico HTTP/1.1" 200 3638 "-" "Mozilla/5.0 (X11; Linux x86_64; rv:27.0) Gecko/20100101 Firefox/27.0"
203.173.241.145 - - [21/May/2018:21:05:13 +0000] "GET /presentations/logstash-scale11x/images/ahhh___rage_face_by_samusmmx-d5g5zap.png HTTP/1.1" 200 175208 "http://www.s-chassis.co.nz/viewtopic.php?f=16&t=9265&start=200" "Mozilla/5.0 (Macintosh; Intel Mac OS X 10_9_1) AppleWebKit/537.73.11 (KHTML, like Gecko) Version/7.0.1 Safari/537.73.11"
209.85.238.199 - - [21/May/2018:21:05:15 +0000] "GET /?flav=atom HTTP/1.1" 200 32352 "-" "Feedfetcher-Google; (+http://www.google.com/feedfetcher.html; 16 subscribers; feed-id=3389821348893992437)"
176.226.17.33 - - [21/May/2018:21:05:03 +0000] "GET /articles/ppp-over-ssh/ HTTP/1.1" 200 18586 "-" "Mozilla/5.0 (Android; Mobile; rv:27.0) Gecko/27.0 Firefox/27.0"
176.226.17.33 - - [21/May/2018:21:05:55 +0000] "GET /reset.css HTTP/1.1" 200 1015 "http://www.semicomplete.com/articles/ppp-over-ssh/" "Mozilla/5.0 (Android; Mobile; rv:27.0) Gecko/27.0 Firefox/27.0"
176.226.17.33 - - [21/May/2018:21:05:23 +0000] "GET /style2.css HTTP/1.1" 200 4877 "http://www.semicomplete.com/articles/ppp-over-ssh/" "Mozilla/5.0 (Android; Mobile; rv:27.0) Gecko/27.0 Firefox/27.0"
176.226.17.33 - - [21/May/2018:21:05:20 +0000] "GET /images/jordan-80.png HTTP/1.1" 200 6146 "http://www.semicomplete.com/articles/ppp-over-ssh/" "Mozilla/5.0 (Android; Mobile; rv:27.0) Gecko/27.0 Firefox/27.0"
176.226.17.33 - - [21/May/2018:21:05:51 +0000] "GET /articles/ppp-over-ssh/pppoverssh.png HTTP/1.1" 200 39437 "http://www.semicomplete.com/articles/ppp-over-ssh/" "Mozilla/5.0 (Android; Mobile; rv:27.0) Gecko/27.0 Firefox/27.0"
150.101.192.144 - - [21/May/2018:21:05:46 +0000] "GET /blog/projects/xdotool/ HTTP/1.1" 200 12292 "-" "Mozilla/5.0 (X11; Linux i686; rv:27.0) Gecko/20100101 Firefox/27.0 Iceweasel/27.0"
150.101.192.144 - - [21/May/2018:21:05:56 +0000] "GET /style2.css HTTP/1.1" 200 4877 "http://www.semicomplete.com/blog/projects/xdotool/" "Mozilla/5.0 (X11; Linux i686; rv:27.0) Gecko/20100101 Firefox/27.0 Iceweasel/27.0"
150.101.192.144 - - [21/May/2018:21:05:45 +0000] "GET /reset.css HTTP/1.1" 200 1015 "http://www.semicomplete.com/blog/projects/xdotool/" "Mozilla/5.0 (X11; Linux i686; rv:27.0) Gecko/20100101 Firefox/27.0 Iceweasel/27.0"
150.101.192.144 - - [21/May/2018:21:05:06 +0000] "GET /favicon.ico HTTP/1.1" 200 3638 "-" "Mozilla/5.0 (X11; Linux i686; rv:27.0) Gecko/20100101 Firefox/27.0 Iceweasel/27.0"
150.101.192.144 - - [21/May/2018:21:05:21 +0000] "GET /images/jordan-80.png HTTP/1.1" 200 6146 "http://www.semicomplete.com/blog/projects/xdotool/" "Mozilla/5.0 (X11; Linux i686; rv:27.0) Gecko/20100101 Firefox/27.0 Iceweasel/27.0"
150.101.192.144 - - [21/May/2018:21:05:31 +0000] "GET /images/web/2009/banner.png HTTP/1.1" 200 52315 "http://www.semicomplete.com/style2.css" "Mozilla/5.0 (X11; Linux i686; rv:27.0) Gecko/20100101 Firefox/27.0 Iceweasel/27.0"
176.226.17.33 - - [21/May/2018:21:05:23 +0000] "GET /images/web/2009/banner.png HTTP/1.1" 200 52315 "http://www.semicomplete.com/style2.css" "Mozilla/5.0 (Android; Mobile; rv:27.0) Gecko/27.0 Firefox/27.0"
176.226.17.33 - - [21/May/2018:21:05:15 +0000] "GET /favicon.ico HTTP/1.1" 200 3638 "-" "Mozilla/5.0 (Android; Mobile; rv:27.0) Gecko/27.0 Firefox/27.0"
180.76.5.98 - - [21/May/2018:21:05:01 +0000] "GET /robots.txt HTTP/1.1" 200 - "-" "Mozilla/5.0 (Windows NT 5.1; rv:6.0.2) Gecko/20100101 Firefox/6.0.2"
46.105.14.53 - - [21/May/2018:21:05:03 +0000] "GET /blog/tags/puppet?flav=rss20 HTTP/1.1" 200 14872 "-" "UniversalFeedParser/4.2-pre-314-svn +http://feedparser.org/"
66.249.73.135 - - [21/May/2018:21:05:11 +0000] "GET /blog/tags/hacks?page=3 HTTP/1.1" 200 10395 "-" "Mozilla/5.0 (iPhone; CPU iPhone OS 6_0 like Mac OS X) AppleWebKit/536.26 (KHTML, like Gecko) Version/6.0 Mobile/10A5376e Safari/8536.25 (compatible; Googlebot/2.1; +http://www.google.com/bot.html)"
209.85.238.199 - - [21/May/2018:21:05:37 +0000] "GET /blog/tags/firefox?flav=rss20 HTTP/1.1" 200 16021 "-" "Feedfetcher-Google; (+http://www.google.com/feedfetcher.html; 3 subscribers; feed-id=14171215010336145331)"
74.125.176.148 - - [21/May/2018:21:05:54 +0000] "GET /?flav=rss20 HTTP/1.1" 200 29941 "-" "FeedBurner/1.0 (http://www.FeedBurner.com)"
150.101.192.144 - - [21/May/2018:21:05:19 +0000] "GET /projects/xpathtool HTTP/1.1" 301 341 "http://www.semicomplete.com/blog/projects/xdotool/" "Mozilla/5.0 (X11; Linux i686; rv:27.0) Gecko/20100101 Firefox/27.0 Iceweasel/27.0"
150.101.192.144 - - [21/May/2018:21:05:11 +0000] "GET /projects/xpathtool/ HTTP/1.1" 200 10745 "http://www.semicomplete.com/blog/projects/xdotool/" "Mozilla/5.0 (X11; Linux i686; rv:27.0) Gecko/20100101 Firefox/27.0 Iceweasel/27.0"
118.82.184.54 - - [21/May/2018:21:05:29 +0000] "GET /presentations/logstash-scale11x/images/ahhh___rage_face_by_samusmmx-d5g5zap.png HTTP/1.1" 200 175208 "http://s-chassis.co.nz/viewtopic.php?f=16&t=9265&sid=fd882280243ebf9d43849a95fcc47814&start=200" "Mozilla/5.0 (Linux; U; Android 4.3; en-nz; GT-I9505 Build/JSS15J) AppleWebKit/534.30 (KHTML, like Gecko) Version/4.0 Mobile Safari/534.30"
150.101.192.144 - - [21/May/2018:21:05:23 +0000] "GET /projects/pmbackup HTTP/1.1" 301 340 "http://www.semicomplete.com/projects/xpathtool/" "Mozilla/5.0 (X11; Linux i686; rv:27.0) Gecko/20100101 Firefox/27.0 Iceweasel/27.0"
150.101.192.144 - - [21/May/2018:22:05:03 +0000] "GET /projects/pmbackup/ HTTP/1.1" 200 15945 "http://www.semicomplete.com/projects/xpathtool/" "Mozilla/5.0 (X11; Linux i686; rv:27.0) Gecko/20100101 Firefox/27.0 Iceweasel/27.0"
66.249.73.135 - - [21/May/2018:22:05:40 +0000] "GET /blog/tags/firefox?flav=rss20 HTTP/1.1" 200 16021 "-" "Mozilla/5.0 (compatible; Googlebot/2.1; +http://www.google.com/bot.html)"
46.105.14.53 - - [21/May/2018:22:05:56 +0000] "GET /blog/tags/puppet?flav=rss20 HTTP/1.1" 200 14872 "-" "UniversalFeedParser/4.2-pre-314-svn +http://feedparser.org/"
79.170.40.34 - - [21/May/2018:22:05:18 +0000] "GET /presentations/logstash-monitorama-2013/images/tiered-outputs-to-inputs.jpg HTTP/1.1" 200 1079983 "-" "Mozilla/4.0 (compatible; MSIE 6.0; Windows NT 5.2; SV1; .NET CLR 2.0.50727; InfoPath.1)"
192.254.157.212 - - [21/May/2018:22:05:12 +0000] "HEAD /blog/geekery/jquery-interface-puffer.html HTTP/1.1" 200 - "http://jquerylist.com" "Mozilla/5.0 (compatible; MSIE 9.0; Windows NT 6.1; WOW64; Trident/5.0)"
100.43.83.137 - - [21/May/2018:22:05:29 +0000] "GET /presentations/vim/ HTTP/1.1" 200 20572 "-" "Mozilla/5.0 (compatible; YandexBot/3.0; +http://yandex.com/bots)"
66.249.73.135 - - [21/May/2018:22:05:55 +0000] "GET /?page=3 HTTP/1.1" 200 39559 "-" "Mozilla/5.0 (iPhone; CPU iPhone OS 6_0 like Mac OS X) AppleWebKit/536.26 (KHTML, like Gecko) Version/6.0 Mobile/10A5376e Safari/8536.25 (compatible; Googlebot/2.1; +http://www.google.com/bot.html)"
208.91.156.11 - - [21/May/2018:22:05:50 +0000] "GET /files/logstash/logstash-1.3.2-monolithic.jar HTTP/1.1" 404 324 "-" "Chef Client/10.18.2 (ruby-1.9.3-p327; ohai-6.16.0; x86_64-linux; +http://opscode.com)"
180.76.5.39 - - [21/May/2018:22:05:28 +0000] "GET /misc/wendy/recipes/Caramel%20Rum%20Sauce.doc HTTP/1.1" 304 - "-" "Mozilla/5.0 (Windows NT 5.1; rv:6.0.2) Gecko/20100101 Firefox/6.0.2"
118.148.175.45 - - [21/May/2018:22:05:26 +0000] "GET /presentations/logstash-scale11x/images/ahhh___rage_face_by_samusmmx-d5g5zap.png HTTP/1.1" 200 175208 "http://s-chassis.co.nz/viewtopic.php?f=16&t=9265&sid=fad3ad046ddaa63e65cda6e4e0033c19&start=200" "Mozilla/5.0 (Linux; Android 4.0.4; LG-P970 Build/IMM76L) AppleWebKit/535.19 (KHTML, like Gecko) Chrome/18.0.1025.166 Mobile Safari/535.19"
46.105.37.142 - - [21/May/2018:22:05:35 +0000] "GET /presentations/vim/ HTTP/1.0" 200 20572 "http://semicomplete.com/presentations/vim/" "Mozilla/4.0 (compatible; MSIE 6.0; Windows NT 5.1; SV1)"
50.16.19.13 - - [21/May/2018:22:05:56 +0000] "GET /blog/tags/puppet?flav=rss20 HTTP/1.1" 200 14872 "http://www.semicomplete.com/blog/tags/puppet?flav=rss20" "Tiny Tiny RSS/1.11 (http://tt-rss.org/)"
208.93.0.48 - - [21/May/2018:22:05:45 +0000] "GET /?flav=rss20 HTTP/1.1" 200 29941 "-" "LiveJournal.com (webmaster@livejournal.com; for http://www.livejournal.com/users/cshpsionic/; 8 readers)"
46.105.14.53 - - [21/May/2018:22:05:59 +0000] "GET /blog/tags/puppet?flav=rss20 HTTP/1.1" 200 14872 "-" "UniversalFeedParser/4.2-pre-314-svn +http://feedparser.org/"
66.249.73.135 - - [21/May/2018:22:05:33 +0000] "GET /files/fastest_sites/ HTTP/1.1" 200 1436 "-" "SAMSUNG-SGH-E250/1.0 Profile/MIDP-2.0 Configuration/CLDC-1.1 UP.Browser/6.2.3.3.c.1.101 (GUI) MMP/2.0 (compatible; Googlebot-Mobile/2.1; +http://www.google.com/bot.html)"
66.249.73.135 - - [21/May/2018:22:05:21 +0000] "GET /articles/ssh-security/ HTTP/1.1" 200 16543 "-" "Mozilla/5.0 (compatible; Googlebot/2.1; +http://www.google.com/bot.html)"
37.236.9.107 - - [21/May/2018:22:05:03 +0000] "GET /images/googledotcom.png HTTP/1.0" 304 - "http://www.google.iq/search?q=.+www.google.com&client=ms-unknown&hl=ar&source=android-search-app&v=141400000&source=lnms&tbm=isch&sa=X&ei=aqEBU-1-wcC1BovogeAE&ved=0CAgQ_AUoAA&biw=320&bih=508" "Mozilla/5.0 (Linux; U; Android 4.0.4; ar-eg; GT-S7562 Build/862) AppleWebKit/534.30 (KHTML, like Gecko) Version/4.0 Mobile Safari/534.30"
66.249.73.135 - - [21/May/2018:22:05:55 +0000] "GET /misc/Makefile HTTP/1.1" 304 - "-" "Mozilla/5.0 (iPhone; CPU iPhone OS 6_0 like Mac OS X) AppleWebKit/536.26 (KHTML, like Gecko) Version/6.0 Mobile/10A5376e Safari/8536.25 (compatible; Googlebot/2.1; +http://www.google.com/bot.html)"
107.170.40.201 - - [21/May/2018:22:05:16 +0000] "GET /?flav=atom HTTP/1.1" 200 32352 "-" "Feedbin - 1 subscribers"
46.105.14.53 - - [21/May/2018:22:05:37 +0000] "GET /blog/tags/puppet?flav=rss20 HTTP/1.1" 200 14872 "-" "UniversalFeedParser/4.2-pre-314-svn +http://feedparser.org/"
68.180.224.225 - - [21/May/2018:22:05:07 +0000] "GET /blog/site/sitemove4.html HTTP/1.1" 200 8370 "-" "Mozilla/5.0 (compatible; Yahoo! Slurp; http://help.yahoo.com/help/us/ysearch/slurp)"
54.219.196.51 - - [21/May/2018:22:05:20 +0000] "GET /?flav=atom HTTP/1.1" 200 32352 "-" "Digg Feed Fetcher 1.0 (Mozilla/5.0 (Macintosh; Intel Mac OS X 10_7_1) AppleWebKit/534.48.3 (KHTML, like Gecko) Version/5.1 Safari/534.48.3)"
74.125.176.144 - - [21/May/2018:22:05:14 +0000] "GET /?flav=rss20 HTTP/1.1" 200 29941 "-" "FeedBurner/1.0 (http://www.FeedBurner.com)"
198.46.149.143 - - [21/May/2018:22:05:01 +0000] "GET /blog/geekery/disabling-battery-in-ubuntu-vms.html?utm_source=feedburner&utm_medium=feed&utm_campaign=Feed%3A+semicomplete%2Fmain+%28semicomplete.com+-+Jordan+Sissel%29 HTTP/1.1" 200 9316 "-" "Tiny Tiny RSS/1.11 (http://tt-rss.org/)"
198.46.149.143 - - [21/May/2018:22:05:43 +0000] "GET /blog/geekery/solving-good-or-bad-problems.html?utm_source=feedburner&utm_medium=feed&utm_campaign=Feed%3A+semicomplete%2Fmain+%28semicomplete.com+-+Jordan+Sissel%29 HTTP/1.1" 200 10756 "-" "Tiny Tiny RSS/1.11 (http://tt-rss.org/)"
195.248.32.227 - - [21/May/2018:22:05:58 +0000] "GET /favicon.ico HTTP/1.1" 304 - "-" "Mozilla/4.0 (compatible;)"
180.76.5.118 - - [21/May/2018:22:05:46 +0000] "GET /blog/python/pyblosxom_antispam.html?commentlimit=0 HTTP/1.1" 200 9383 "-" "Mozilla/5.0 (compatible; Baiduspider/2.0; +http://www.baidu.com/search/spider.html)"
46.105.14.53 - - [21/May/2018:22:05:35 +0000] "GET /blog/tags/puppet?flav=rss20 HTTP/1.1" 200 14872 "-" "UniversalFeedParser/4.2-pre-314-svn +http://feedparser.org/"
66.249.73.135 - - [21/May/2018:22:05:58 +0000] "GET /misc/ad2ldap HTTP/1.1" 304 - "-" "Mozilla/5.0 (iPhone; CPU iPhone OS 6_0 like Mac OS X) AppleWebKit/536.26 (KHTML, like Gecko) Version/6.0 Mobile/10A5376e Safari/8536.25 (compatible; Googlebot/2.1; +http://www.google.com/bot.html)"
180.76.6.37 - - [21/May/2018:22:05:24 +0000] "GET /robots.txt HTTP/1.1" 200 - "-" "Mozilla/5.0 (Windows NT 5.1; rv:6.0.2) Gecko/20100101 Firefox/6.0.2"
209.85.238.199 - - [21/May/2018:22:05:01 +0000] "GET /?flav=rss20 HTTP/1.1" 200 29941 "-" "Feedfetcher-Google; (+http://www.google.com/feedfetcher.html; 22 subscribers; feed-id=8321906634162087507)"
50.16.19.13 - - [21/May/2018:22:05:45 +0000] "GET /blog/tags/puppet?flav=rss20 HTTP/1.1" 200 14872 "http://www.semicomplete.com/blog/tags/puppet?flav=rss20" "Tiny Tiny RSS/1.11 (http://tt-rss.org/)"
46.105.14.53 - - [21/May/2018:22:05:38 +0000] "GET /blog/tags/puppet?flav=rss20 HTTP/1.1" 200 14872 "-" "UniversalFeedParser/4.2-pre-314-svn +http://feedparser.org/"
46.118.126.53 - - [21/May/2018:22:05:20 +0000] "GET /projects/xboxproxy/ HTTP/1.0" 200 13171 "http://www.semicomplete.com/projects/xboxproxy/" "Mozilla/5.0 (Windows NT 6.1; WOW64; rv:16.0) Gecko/20100101 Firefox/16.0"
113.252.200.224 - - [21/May/2018:22:05:41 +0000] "GET /projects/xdotool/xdotool.xhtml HTTP/1.1" 200 50112 "https://www.google.com/" "Mozilla/5.0 (X11; Linux x86_64) AppleWebKit/537.36 (KHTML, like Gecko) Chrome/32.0.1700.107 Safari/537.36"
113.252.200.224 - - [21/May/2018:22:05:36 +0000] "GET /favicon.ico HTTP/1.1" 200 3638 "-" "Mozilla/5.0 (X11; Linux x86_64) AppleWebKit/537.36 (KHTML, like Gecko) Chrome/32.0.1700.107 Safari/537.36"
108.174.55.234 - - [21/May/2018:22:05:24 +0000] "GET /?flav=rss20 HTTP/1.1" 200 29941 "-" "-"
66.249.73.135 - - [21/May/2018:22:05:02 +0000] "GET /misc/irccookie HTTP/1.1" 304 - "-" "Mozilla/5.0 (iPhone; CPU iPhone OS 6_0 like Mac OS X) AppleWebKit/536.26 (KHTML, like Gecko) Version/6.0 Mobile/10A5376e Safari/8536.25 (compatible; Googlebot/2.1; +http://www.google.com/bot.html)"
124.197.25.116 - - [21/May/2018:22:05:05 +0000] "GET /presentations/logstash-scale11x/images/ahhh___rage_face_by_samusmmx-d5g5zap.png HTTP/1.1" 200 175208 "http://s-chassis.co.nz/viewtopic.php?f=16&t=9265&p=224762&sid=4cd395a3bb9d0db66dabea1a927b4b04" "Mozilla/5.0 (Windows NT 6.3; WOW64) AppleWebKit/537.36 (KHTML, like Gecko) Chrome/32.0.1700.107 Safari/537.36"
88.196.179.78 - - [21/May/2018:22:05:17 +0000] "GET /favicon.ico HTTP/1.1" 200 3638 "-" "Mozilla/5.0 (X11; Ubuntu; Linux x86_64; rv:27.0) Gecko/20100101 Firefox/27.0"
46.118.125.84 - - [21/May/2018:22:05:04 +0000] "GET /blog/geekery/ssl-latency.html HTTP/1.1" 200 17147 "http://xn--90adhhccf5aeewt7j.xn--p1ai/" "Mozilla/4.0 (compatible; MSIE 6.0; Windows NT 5.1; SV1; .NET CLR 1.1.4322) Babya Discoverer  8.0:"
46.118.125.84 - - [21/May/2018:22:05:36 +0000] "GET /blog/geekery/ssl-latency.html HTTP/1.1" 200 17147 "http://xn--90adhhccf5aeewt7j.xn--p1ai/" "Mozilla/4.0 (compatible; MSIE 6.0; Windows NT 5.1; SV1; .NET CLR 1.1.4322) Babya Discoverer  8.0:"
46.118.125.84 - - [21/May/2018:22:05:37 +0000] "GET /blog/geekery/ssl-latency.html HTTP/1.1" 200 17147 "http://xn--90adhhccf5aeewt7j.xn--p1ai/" "Mozilla/4.0 (compatible; MSIE 6.0; Windows NT 5.1; SV1; .NET CLR 1.1.4322) Babya Discoverer  8.0:"
66.249.73.135 - - [21/May/2018:22:05:08 +0000] "GET /?flav=atom HTTP/1.1" 200 32352 "-" "Mozilla/5.0 (compatible; Googlebot/2.1; +http://www.google.com/bot.html)"
112.202.18.45 - - [21/May/2018:22:05:20 +0000] "GET /blog/geekery/ssl-latency.html HTTP/1.1" 200 17147 "http://www.google.com/url?sa=t&rct=j&q=&esrc=s&source=web&cd=4&ved=0CEAQFjAD&url=http%3A%2F%2Fwww.semicomplete.com%2Fblog%2Fgeekery%2Fssl-latency.html&ei=Z6gBU_G4Dqb7iQe-oICYAw&usg=AFQjCNHw6zioJpizqX8Q0YpKKaF4zdCSEg&sig2=NjJ5zmH5V0aPYpWxGc_P-Q&bvm=bv.61535280,d.aGc&cad=rja" "Mozilla/5.0 (Macintosh; Intel Mac OS X 10_9_1) AppleWebKit/537.73.11 (KHTML, like Gecko) Version/7.0.1 Safari/537.73.11"
112.202.18.45 - - [21/May/2018:22:05:29 +0000] "GET /style2.css HTTP/1.1" 200 4877 "http://www.semicomplete.com/blog/geekery/ssl-latency.html" "Mozilla/5.0 (Macintosh; Intel Mac OS X 10_9_1) AppleWebKit/537.73.11 (KHTML, like Gecko) Version/7.0.1 Safari/537.73.11"
112.202.18.45 - - [21/May/2018:22:05:30 +0000] "GET /reset.css HTTP/1.1" 200 1015 "http://www.semicomplete.com/blog/geekery/ssl-latency.html" "Mozilla/5.0 (Macintosh; Intel Mac OS X 10_9_1) AppleWebKit/537.73.11 (KHTML, like Gecko) Version/7.0.1 Safari/537.73.11"
112.202.18.45 - - [21/May/2018:22:05:28 +0000] "GET /images/jordan-80.png HTTP/1.1" 200 6146 "http://www.semicomplete.com/blog/geekery/ssl-latency.html" "Mozilla/5.0 (Macintosh; Intel Mac OS X 10_9_1) AppleWebKit/537.73.11 (KHTML, like Gecko) Version/7.0.1 Safari/537.73.11"
112.202.18.45 - - [21/May/2018:22:05:21 +0000] "GET /images/web/2009/banner.png HTTP/1.1" 200 52315 "http://www.semicomplete.com/blog/geekery/ssl-latency.html" "Mozilla/5.0 (Macintosh; Intel Mac OS X 10_9_1) AppleWebKit/537.73.11 (KHTML, like Gecko) Version/7.0.1 Safari/537.73.11"
112.202.18.45 - - [21/May/2018:22:05:34 +0000] "GET /favicon.ico HTTP/1.1" 200 3638 "http://www.semicomplete.com/blog/geekery/ssl-latency.html" "Mozilla/5.0 (Macintosh; Intel Mac OS X 10_9_1) AppleWebKit/537.73.11 (KHTML, like Gecko) Version/7.0.1 Safari/537.73.11"
192.91.173.36 - - [21/May/2018:22:05:48 +0000] "GET /style2.css HTTP/1.1" 304 - "-" "Mozilla/4.0 (compatible;)"
81.52.143.33 - - [21/May/2018:22:05:25 +0000] "GET /robots.txt HTTP/1.1" 200 - "-" "Mozilla/5.0 (Windows; U; Windows NT 5.1; fr; rv:1.8.1) VoilaBot BETA 1.2 (support.voilabot@orange-ftgroup.com)"
81.52.143.33 - - [21/May/2018:22:05:04 +0000] "GET /projects/filebrowse/ HTTP/1.1" 200 8793 "-" "Mozilla/5.0 (Windows; U; Windows NT 5.1; fr; rv:1.8.1) VoilaBot BETA 1.2 (support.voilabot@orange-ftgroup.com)"
46.105.14.53 - - [21/May/2018:22:05:08 +0000] "GET /blog/tags/puppet?flav=rss20 HTTP/1.1" 200 14872 "-" "UniversalFeedParser/4.2-pre-314-svn +http://feedparser.org/"
66.249.73.135 - - [21/May/2018:22:05:58 +0000] "GET /blog/tags/wmi HTTP/1.1" 200 10068 "-" "Mozilla/5.0 (compatible; Googlebot/2.1; +http://www.google.com/bot.html)"
216.152.243.152 - - [21/May/2018:22:05:21 +0000] "GET /misc/sample.log HTTP/1.1" 200 54306753 "http://www.semicomplete.com/" "Mozilla/5.0 (Macintosh; Intel Mac OS X 10.7; rv:21.0) Gecko/20100101 Firefox/21.0"
216.152.243.152 - - [21/May/2018:22:05:28 +0000] "GET /blog/geekery/mounting-partitions-within-a-disk-image-in-linux.html HTTP/1.1" 200 9699 "http://www.semicomplete.com/" "Mozilla/5.0 (Macintosh; Intel Mac OS X 10.7; rv:21.0) Gecko/20100101 Firefox/21.0"
118.93.208.204 - - [21/May/2018:22:05:08 +0000] "GET /presentations/logstash-scale11x/images/ahhh___rage_face_by_samusmmx-d5g5zap.png HTTP/1.1" 304 - "http://www.s-chassis.co.nz/viewtopic.php?f=16&t=9265&p=224692" "Mozilla/5.0 (Windows NT 6.1; WOW64) AppleWebKit/537.36 (KHTML, like Gecko) Chrome/32.0.1700.107 Safari/537.36"
66.249.73.135 - - [21/May/2018:22:05:22 +0000] "GET /misc/keynav-patch HTTP/1.1" 304 - "-" "Mozilla/5.0 (iPhone; CPU iPhone OS 6_0 like Mac OS X) AppleWebKit/536.26 (KHTML, like Gecko) Version/6.0 Mobile/10A5376e Safari/8536.25 (compatible; Googlebot/2.1; +http://www.google.com/bot.html)"
74.125.40.19 - - [21/May/2018:22:05:08 +0000] "GET /?flav=rss20 HTTP/1.1" 200 29941 "-" "FeedBurner/1.0 (http://www.FeedBurner.com)"
66.249.73.135 - - [21/May/2018:22:05:02 +0000] "GET /blog/tags/oops HTTP/1.1" 200 8661 "-" "Mozilla/5.0 (iPhone; CPU iPhone OS 6_0 like Mac OS X) AppleWebKit/536.26 (KHTML, like Gecko) Version/6.0 Mobile/10A5376e Safari/8536.25 (compatible; Googlebot/2.1; +http://www.google.com/bot.html)"
46.105.14.53 - - [21/May/2018:22:05:29 +0000] "GET /blog/tags/puppet?flav=rss20 HTTP/1.1" 200 14872 "-" "UniversalFeedParser/4.2-pre-314-svn +http://feedparser.org/"
68.180.224.225 - - [21/May/2018:22:05:21 +0000] "GET /scripts/python/wrap/wrap.py HTTP/1.1" 200 256 "-" "Mozilla/5.0 (compatible; Yahoo! Slurp; http://help.yahoo.com/help/us/ysearch/slurp)"
14.140.163.52 - - [21/May/2018:22:05:34 +0000] "GET /presentations/logstash-puppetconf-2012/ HTTP/1.1" 200 37269 "http://logstash.net/docs/1.3.3/learn" "Mozilla/5.0 (Windows NT 6.1; WOW64) AppleWebKit/537.36 (KHTML, like Gecko) Chrome/32.0.1700.107 Safari/537.36"
14.140.163.52 - - [21/May/2018:22:05:48 +0000] "GET /presentations/logstash-puppetconf-2012/css/reset.css HTTP/1.1" 200 1382 "http://semicomplete.com/presentations/logstash-puppetconf-2012/" "Mozilla/5.0 (Windows NT 6.1; WOW64) AppleWebKit/537.36 (KHTML, like Gecko) Chrome/32.0.1700.107 Safari/537.36"
14.140.163.52 - - [21/May/2018:22:05:58 +0000] "GET /presentations/logstash-puppetconf-2012/css/main.css HTTP/1.1" 200 26498 "http://semicomplete.com/presentations/logstash-puppetconf-2012/" "Mozilla/5.0 (Windows NT 6.1; WOW64) AppleWebKit/537.36 (KHTML, like Gecko) Chrome/32.0.1700.107 Safari/537.36"
14.140.163.52 - - [21/May/2018:22:05:53 +0000] "GET /presentations/logstash-puppetconf-2012/css/preso.css HTTP/1.1" 200 659 "http://semicomplete.com/presentations/logstash-puppetconf-2012/" "Mozilla/5.0 (Windows NT 6.1; WOW64) AppleWebKit/537.36 (KHTML, like Gecko) Chrome/32.0.1700.107 Safari/537.36"
14.140.163.52 - - [21/May/2018:22:05:20 +0000] "GET /presentations/logstash-puppetconf-2012/lib/css/zenburn.css HTTP/1.1" 200 1791 "http://semicomplete.com/presentations/logstash-puppetconf-2012/" "Mozilla/5.0 (Windows NT 6.1; WOW64) AppleWebKit/537.36 (KHTML, like Gecko) Chrome/32.0.1700.107 Safari/537.36"
14.140.163.52 - - [21/May/2018:22:05:22 +0000] "GET /presentations/logstash-puppetconf-2012/lib/js/head.min.js HTTP/1.1" 200 3170 "http://semicomplete.com/presentations/logstash-puppetconf-2012/" "Mozilla/5.0 (Windows NT 6.1; WOW64) AppleWebKit/537.36 (KHTML, like Gecko) Chrome/32.0.1700.107 Safari/537.36"
14.140.163.52 - - [21/May/2018:22:05:16 +0000] "GET /presentations/logstash-puppetconf-2012/images/logstash.png HTTP/1.1" 200 47731 "http://semicomplete.com/presentations/logstash-puppetconf-2012/" "Mozilla/5.0 (Windows NT 6.1; WOW64) AppleWebKit/537.36 (KHTML, like Gecko) Chrome/32.0.1700.107 Safari/537.36"
14.140.163.52 - - [21/May/2018:22:05:00 +0000] "GET /presentations/logstash-puppetconf-2012/js/reveal.js HTTP/1.1" 200 29108 "http://semicomplete.com/presentations/logstash-puppetconf-2012/" "Mozilla/5.0 (Windows NT 6.1; WOW64) AppleWebKit/537.36 (KHTML, like Gecko) Chrome/32.0.1700.107 Safari/537.36"
14.140.163.52 - - [21/May/2018:22:05:13 +0000] "GET /presentations/logstash-puppetconf-2012/images/nagios-sms4.png HTTP/1.1" 200 72949 "http://semicomplete.com/presentations/logstash-puppetconf-2012/" "Mozilla/5.0 (Windows NT 6.1; WOW64) AppleWebKit/537.36 (KHTML, like Gecko) Chrome/32.0.1700.107 Safari/537.36"
14.140.163.52 - - [21/May/2018:22:05:19 +0000] "GET /presentations/logstash-puppetconf-2012/images/nagios-sms3.png HTTP/1.1" 200 65917 "http://semicomplete.com/presentations/logstash-puppetconf-2012/" "Mozilla/5.0 (Windows NT 6.1; WOW64) AppleWebKit/537.36 (KHTML, like Gecko) Chrome/32.0.1700.107 Safari/537.36"
14.140.163.52 - - [21/May/2018:22:05:31 +0000] "GET /presentations/logstash-puppetconf-2012/images/nagios-sms5.png HTTP/1.1" 200 78075 "http://semicomplete.com/presentations/logstash-puppetconf-2012/" "Mozilla/5.0 (Windows NT 6.1; WOW64) AppleWebKit/537.36 (KHTML, like Gecko) Chrome/32.0.1700.107 Safari/537.36"
14.140.163.52 - - [21/May/2018:22:05:58 +0000] "GET /presentations/logstash-puppetconf-2012/images/nagios-sms6.png HTTP/1.1" 200 82859 "http://semicomplete.com/presentations/logstash-puppetconf-2012/" "Mozilla/5.0 (Windows NT 6.1; WOW64) AppleWebKit/537.36 (KHTML, like Gecko) Chrome/32.0.1700.107 Safari/537.36"
14.140.163.52 - - [21/May/2018:22:05:22 +0000] "GET /presentations/logstash-puppetconf-2012/lib/font/league_gothic-webfont.ttf HTTP/1.1" 200 42324 "http://semicomplete.com/presentations/logstash-puppetconf-2012/" "Mozilla/5.0 (Windows NT 6.1; WOW64) AppleWebKit/537.36 (KHTML, like Gecko) Chrome/32.0.1700.107 Safari/537.36"
14.140.163.52 - - [21/May/2018:22:05:56 +0000] "GET /presentations/logstash-puppetconf-2012/images/pc-load-letter.jpg HTTP/1.1" 200 71808 "http://semicomplete.com/presentations/logstash-puppetconf-2012/" "Mozilla/5.0 (Windows NT 6.1; WOW64) AppleWebKit/537.36 (KHTML, like Gecko) Chrome/32.0.1700.107 Safari/537.36"
14.140.163.52 - - [21/May/2018:22:05:03 +0000] "GET /presentations/logstash-puppetconf-2012/images/office-space-printer-beat-down-gif.gif HTTP/1.1" 404 364 "http://semicomplete.com/presentations/logstash-puppetconf-2012/" "Mozilla/5.0 (Windows NT 6.1; WOW64) AppleWebKit/537.36 (KHTML, like Gecko) Chrome/32.0.1700.107 Safari/537.36"
14.140.163.52 - - [21/May/2018:22:05:55 +0000] "GET /presentations/logstash-puppetconf-2012/images/frontend-response-codes.png HTTP/1.1" 200 52878 "http://semicomplete.com/presentations/logstash-puppetconf-2012/" "Mozilla/5.0 (Windows NT 6.1; WOW64) AppleWebKit/537.36 (KHTML, like Gecko) Chrome/32.0.1700.107 Safari/537.36"
14.140.163.52 - - [21/May/2018:22:05:39 +0000] "GET /presentations/logstash-puppetconf-2012/images/xkcd-perl.png HTTP/1.1" 200 80663 "http://semicomplete.com/presentations/logstash-puppetconf-2012/" "Mozilla/5.0 (Windows NT 6.1; WOW64) AppleWebKit/537.36 (KHTML, like Gecko) Chrome/32.0.1700.107 Safari/537.36"
14.140.163.52 - - [21/May/2018:22:05:48 +0000] "GET /presentations/logstash-puppetconf-2012/images/lifecycle.png HTTP/1.1" 200 9618 "http://semicomplete.com/presentations/logstash-puppetconf-2012/" "Mozilla/5.0 (Windows NT 6.1; WOW64) AppleWebKit/537.36 (KHTML, like Gecko) Chrome/32.0.1700.107 Safari/537.36"
14.140.163.52 - - [21/May/2018:22:05:00 +0000] "GET /presentations/logstash-puppetconf-2012/images/xkcd-perlswing-many.png HTTP/1.1" 200 100207 "http://semicomplete.com/presentations/logstash-puppetconf-2012/" "Mozilla/5.0 (Windows NT 6.1; WOW64) AppleWebKit/537.36 (KHTML, like Gecko) Chrome/32.0.1700.107 Safari/537.36"
14.140.163.52 - - [21/May/2018:22:05:05 +0000] "GET /presentations/logstash-puppetconf-2012/images/computer-keyboard-jacket.jpg HTTP/1.1" 200 176805 "http://semicomplete.com/presentations/logstash-puppetconf-2012/" "Mozilla/5.0 (Windows NT 6.1; WOW64) AppleWebKit/537.36 (KHTML, like Gecko) Chrome/32.0.1700.107 Safari/537.36"
14.140.163.52 - - [21/May/2018:22:05:52 +0000] "GET /presentations/logstash-puppetconf-2012/images/kibana-chef-agent.png HTTP/1.1" 200 73187 "http://semicomplete.com/presentations/logstash-puppetconf-2012/" "Mozilla/5.0 (Windows NT 6.1; WOW64) AppleWebKit/537.36 (KHTML, like Gecko) Chrome/32.0.1700.107 Safari/537.36"
14.140.163.52 - - [21/May/2018:22:05:56 +0000] "GET /presentations/logstash-puppetconf-2012/images/psychoaxe.jpg HTTP/1.1" 200 29179 "http://semicomplete.com/presentations/logstash-puppetconf-2012/" "Mozilla/5.0 (Windows NT 6.1; WOW64) AppleWebKit/537.36 (KHTML, like Gecko) Chrome/32.0.1700.107 Safari/537.36"
14.140.163.52 - - [21/May/2018:22:05:45 +0000] "GET /presentations/logstash-puppetconf-2012/images/kibana-chef-hits-6min-each.png HTTP/1.1" 200 80555 "http://semicomplete.com/presentations/logstash-puppetconf-2012/" "Mozilla/5.0 (Windows NT 6.1; WOW64) AppleWebKit/537.36 (KHTML, like Gecko) Chrome/32.0.1700.107 Safari/537.36"
14.140.163.52 - - [21/May/2018:22:05:43 +0000] "GET /presentations/logstash-puppetconf-2012/images/kibana-logstash-downloads.png HTTP/1.1" 200 95058 "http://semicomplete.com/presentations/logstash-puppetconf-2012/" "Mozilla/5.0 (Windows NT 6.1; WOW64) AppleWebKit/537.36 (KHTML, like Gecko) Chrome/32.0.1700.107 Safari/537.36"
14.140.163.52 - - [21/May/2018:22:05:36 +0000] "GET /presentations/logstash-puppetconf-2012/images/trollface.png HTTP/1.1" 200 58123 "http://semicomplete.com/presentations/logstash-puppetconf-2012/" "Mozilla/5.0 (Windows NT 6.1; WOW64) AppleWebKit/537.36 (KHTML, like Gecko) Chrome/32.0.1700.107 Safari/537.36"
