66.249.73.135 - - [21/May/2018:14:05:17 +0000] "GET /projects/xd HTTP/1.1" 404 7861 "-" "Mozilla/5.0 (compatible; Googlebot/2.1; +http://www.google.com/bot.html)"
66.249.73.135 - - [21/May/2018:14:05:34 +0000] "GET /?flav=rss20 HTTP/1.1" 200 29941 "-" "Mozilla/5.0 (compatible; Googlebot/2.1; +http://www.google.com/bot.html)"
46.105.14.53 - - [21/May/2018:14:05:01 +0000] "GET /blog/tags/puppet?flav=rss20 HTTP/1.1" 200 14872 "-" "UniversalFeedParser/4.2-pre-314-svn +http://feedparser.org/"
98.85.3.179 - - [21/May/2018:14:05:07 +0000] "GET /favicon.ico HTTP/1.1" 200 3638 "-" "Mozilla/5.0 (X11; Linux x86_64; rv:27.0) Gecko/20100101 Firefox/27.0"
66.249.73.135 - - [21/May/2018:14:05:31 +0000] "GET /blog/articles/week-of-unix-tools/day-2-cut-and-paste.html HTTP/1.1" 200 13312 "-" "Mozilla/5.0 (iPhone; CPU iPhone OS 6_0 like Mac OS X) AppleWebKit/536.26 (KHTML, like Gecko) Version/6.0 Mobile/10A5376e Safari/8536.25 (compatible; Googlebot/2.1; +http://www.google.com/bot.html)"
50.16.19.13 - - [21/May/2018:14:05:11 +0000] "GET /blog/tags/puppet?flav=rss20 HTTP/1.1" 200 14872 "http://www.semicomplete.com/blog/tags/puppet?flav=rss20" "Tiny Tiny RSS/1.11 (http://tt-rss.org/)"
121.162.188.120 - - [21/May/2018:14:05:53 +0000] "GET /images/vim/vim-zenburn.png HTTP/1.1" 200 90256 "-" "Mozilla/5.0 (Windows NT 6.2; WOW64; rv:27.0) Gecko/20100101 Firefox/27.0"
98.206.132.188 - - [21/May/2018:14:05:32 +0000] "GET /projects/fex/ HTTP/1.1" 200 14352 "-" "Mozilla/5.0 (Windows NT 6.1; WOW64) AppleWebKit/537.36 (KHTML, like Gecko) Chrome/34.0.1838.2 Safari/537.36"
107.170.40.198 - - [21/May/2018:14:05:56 +0000] "GET /?flav=atom HTTP/1.1" 200 32352 "-" "Feedbin - 1 subscribers"
98.206.132.188 - - [21/May/2018:14:05:44 +0000] "GET /projects/fex/ HTTP/1.1" 200 14352 "-" "Mozilla/5.0 (Windows NT 6.1; WOW64) AppleWebKit/537.36 (KHTML, like Gecko) Chrome/34.0.1838.2 Safari/537.36"
220.181.108.150 - - [21/May/2018:14:05:07 +0000] "GET / HTTP/1.1" 200 36824 "-" "Mozilla/5.0 (compatible; Baiduspider/2.0; +http://www.baidu.com/search/spider.html)"
46.105.14.53 - - [21/May/2018:14:05:55 +0000] "GET /blog/tags/puppet?flav=rss20 HTTP/1.1" 200 14872 "-" "UniversalFeedParser/4.2-pre-314-svn +http://feedparser.org/"
98.206.132.188 - - [21/May/2018:14:05:49 +0000] "GET /projects/fex/ HTTP/1.1" 200 14352 "-" "Mozilla/5.0 (Windows NT 6.1; WOW64) AppleWebKit/537.36 (KHTML, like Gecko) Chrome/34.0.1838.2 Safari/537.36"
66.249.73.135 - - [21/May/2018:14:05:24 +0000] "GET /blog/geekery/debugging-java-performance.html HTTP/1.1" 200 15796 "-" "Mozilla/5.0 (iPhone; CPU iPhone OS 6_0 like Mac OS X) AppleWebKit/536.26 (KHTML, like Gecko) Version/6.0 Mobile/10A5376e Safari/8536.25 (compatible; Googlebot/2.1; +http://www.google.com/bot.html)"
74.125.19.82 - - [21/May/2018:14:05:27 +0000] "GET /?flav=rss20 HTTP/1.1" 200 29941 "-" "FeedBurner/1.0 (http://www.FeedBurner.com)"
209.85.238.199 - - [21/May/2018:14:05:30 +0000] "GET /?flav=rss20 HTTP/1.1" 200 29941 "-" "Feedfetcher-Google; (+http://www.google.com/feedfetcher.html; 22 subscribers; feed-id=8321906634162087507)"
66.249.73.135 - - [21/May/2018:14:05:01 +0000] "GET /blog/geekery/jquery-interface-%20 HTTP/1.1" 404 7861 "-" "Mozilla/5.0 (compatible; Googlebot/2.1; +http://www.google.com/bot.html)"
66.249.73.135 - - [21/May/2018:14:05:48 +0000] "GET /style2.css HTTP/1.1" 200 4877 "-" "Mozilla/5.0 (compatible; Googlebot/2.1; +http://www.google.com/bot.html)"
180.76.5.75 - - [21/May/2018:14:05:27 +0000] "GET /robots.txt HTTP/1.1" 200 - "-" "Mozilla/5.0 (Windows NT 5.1; rv:6.0.2) Gecko/20100101 Firefox/6.0.2"
61.119.116.21 - - [21/May/2018:14:05:11 +0000] "GET / HTTP/1.1" 200 37932 "-" "Mozilla/4.0 (compatible; MSIE 6.0; Windows NT 5.1; SV1; .NET CLR 1.1.4322)"
66.249.73.135 - - [21/May/2018:14:05:18 +0000] "GET /?flav=atom HTTP/1.1" 200 32352 "-" "Mozilla/5.0 (compatible; Googlebot/2.1; +http://www.google.com/bot.html)"
218.240.60.244 - - [21/May/2018:14:05:29 +0000] "GET /favicon.ico HTTP/1.1" 200 3638 "-" "Mozilla/5.0 (Windows NT 5.1) AppleWebKit/537.36 (KHTML, like Gecko) Chrome/32.0.1700.107 Safari/537.36"
216.151.154.100 - - [21/May/2018:14:05:30 +0000] "GET /presentations/logstash-scale11x/ HTTP/1.1" 200 54239 "http://semicomplete.com/" "Mozilla/5.0 (Macintosh; Intel Mac OS X 10.7; rv:21.0) Gecko/20100101 Firefox/21.0"
216.151.154.100 - - [21/May/2018:14:05:54 +0000] "GET /kibana/ HTTP/1.1" 200 4483 "http://semicomplete.com/" "Mozilla/5.0 (Macintosh; Intel Mac OS X 10.7; rv:21.0) Gecko/20100101 Firefox/21.0"
110.170.125.5 - - [21/May/2018:14:05:13 +0000] "GET /articles/ssh-security/ HTTP/1.1" 200 16543 "http://www.google.co.th/url?sa=t&rct=j&q=&esrc=s&frm=1&source=web&cd=1&cad=rja&ved=0CCcQFjAA&url=http%3A%2F%2Fwww.semicomplete.com%2Farticles%2Fssh-security%2F&ei=_m8BU6K1AsSeiQeLwYHgBg&usg=AFQjCNHWyA_svkWgk70ovEbZidQhlAC84w&bvm=bv.61535280,d.aGc" "Mozilla/4.0 (compatible; MSIE 7.0; Windows NT 6.1; Trident/4.0; SLCC2; .NET CLR 2.0.50727; .NET CLR 3.5.30729; .NET CLR 3.0.30729; Media Center PC 6.0; .NET4.0C)"
110.170.125.5 - - [21/May/2018:14:05:17 +0000] "GET /reset.css HTTP/1.1" 200 1015 "http://www.semicomplete.com/articles/ssh-security/" "Mozilla/4.0 (compatible; MSIE 7.0; Windows NT 6.1; Trident/4.0; SLCC2; .NET CLR 2.0.50727; .NET CLR 3.5.30729; .NET CLR 3.0.30729; Media Center PC 6.0; .NET4.0C)"
110.170.125.5 - - [21/May/2018:14:05:16 +0000] "GET /style2.css HTTP/1.1" 200 4877 "http://www.semicomplete.com/articles/ssh-security/" "Mozilla/4.0 (compatible; MSIE 7.0; Windows NT 6.1; Trident/4.0; SLCC2; .NET CLR 2.0.50727; .NET CLR 3.5.30729; .NET CLR 3.0.30729; Media Center PC 6.0; .NET4.0C)"
110.170.125.5 - - [21/May/2018:14:05:36 +0000] "GET /favicon.ico HTTP/1.1" 200 3638 "http://www.semicomplete.com/articles/ssh-security/" "Mozilla/4.0 (compatible; MSIE 7.0; Windows NT 6.1; Trident/4.0; SLCC2; .NET CLR 2.0.50727; .NET CLR 3.5.30729; .NET CLR 3.0.30729; Media Center PC 6.0; .NET4.0C)"
110.170.125.5 - - [21/May/2018:14:05:43 +0000] "GET /images/jordan-80.png HTTP/1.1" 200 6146 "http://www.semicomplete.com/articles/ssh-security/" "Mozilla/4.0 (compatible; MSIE 7.0; Windows NT 6.1; Trident/4.0; SLCC2; .NET CLR 2.0.50727; .NET CLR 3.5.30729; .NET CLR 3.0.30729; Media Center PC 6.0; .NET4.0C)"
110.170.125.5 - - [21/May/2018:14:05:36 +0000] "GET /images/web/2009/banner.png HTTP/1.1" 304 - "http://www.semicomplete.com/articles/ssh-security/" "Mozilla/4.0 (compatible; MSIE 7.0; Windows NT 6.1; Trident/4.0; SLCC2; .NET CLR 2.0.50727; .NET CLR 3.5.30729; .NET CLR 3.0.30729; Media Center PC 6.0; .NET4.0C)"
66.249.73.135 - - [21/May/2018:14:05:39 +0000] "GET /blog/geekery/flashback-2010-2003.html HTTP/1.1" 200 9238 "-" "Mozilla/5.0 (iPhone; CPU iPhone OS 6_0 like Mac OS X) AppleWebKit/536.26 (KHTML, like Gecko) Version/6.0 Mobile/10A5376e Safari/8536.25 (compatible; Googlebot/2.1; +http://www.google.com/bot.html)"
46.105.14.53 - - [21/May/2018:14:05:10 +0000] "GET /blog/tags/puppet?flav=rss20 HTTP/1.1" 200 14872 "-" "UniversalFeedParser/4.2-pre-314-svn +http://feedparser.org/"
180.76.6.232 - - [21/May/2018:14:05:12 +0000] "GET /blog/geekery/tsawm-window-manager-project.html?commentlimit=0 HTTP/1.1" 200 10489 "-" "Mozilla/5.0 (compatible; Baiduspider/2.0; +http://www.baidu.com/search/spider.html)"
218.240.60.244 - - [21/May/2018:14:05:15 +0000] "GET /images/logstash_OSCON.pdf HTTP/1.1" 200 1693678 "https://www.google.com.hk/" "Mozilla/5.0 (Windows NT 5.1) AppleWebKit/537.36 (KHTML, like Gecko) Chrome/32.0.1700.107 Safari/537.36"
157.55.32.185 - - [21/May/2018:14:05:58 +0000] "GET /files/xdotool/docs/latex/structxdo.tex HTTP/1.1" 200 2473 "-" "Mozilla/5.0 (compatible; bingbot/2.0; +http://www.bing.com/bingbot.htm)"
82.145.208.98 - - [21/May/2018:14:05:17 +0000] "GET /blog/geekery/xvfb-firefox.html HTTP/1.1" 200 10975 "http://www.google.com/imgres?imgurl=http://www.semicomplete.com/images/googledotcom.png&imgrefurl=http://www.semicomplete.com/blog/geekery/xvfb-firefox.html&usg=__Hd81OLlbSuIVvLzPBN6CABGyApY=&h=768&w=1024&sz=65&hl=id&start=3&zoom=1&tbnid=tX0WOQ4WqLUE5M:&tbnh=113&tbnw=150&ei=ynABU4b8AcSX1AWwk4DABA&prev=/search%3Fq%3Dhttp://www%2Bgoogle%2Bcom%26client%3Dms-opera-mini%26sa%3DX%26channel%3Dnew%26tbm%3Disch%26prmd%3Divnsze&sa=X&ved=0CCoQrQMwAg&ptbm=isch&q=http%3A//www+google+com" "Opera/9.80 (MTK; Opera Mini/2.1199/34.1244; U; id) Presto/2.8.119 Version/11.10"
82.145.208.98 - - [21/May/2018:14:05:13 +0000] "GET /reset.css HTTP/1.1" 200 1015 "http://www.semicomplete.com/blog/geekery/xvfb-firefox.html" "Opera/9.80 (MTK; Opera Mini/2.1199/34.1244; U; id) Presto/2.8.119 Version/11.10"
82.145.208.98 - - [21/May/2018:14:05:58 +0000] "GET /style2.css HTTP/1.1" 200 4877 "http://www.semicomplete.com/blog/geekery/xvfb-firefox.html" "Opera/9.80 (MTK; Opera Mini/2.1199/34.1244; U; id) Presto/2.8.119 Version/11.10"
82.145.208.98 - - [21/May/2018:14:05:40 +0000] "GET /images/jordan-80.png HTTP/1.1" 200 6146 "http://www.semicomplete.com/blog/geekery/xvfb-firefox.html" "Opera/9.80 (MTK; Opera Mini/2.1199/34.1244; U; id) Presto/2.8.119 Version/11.10"
82.145.208.98 - - [21/May/2018:14:05:42 +0000] "GET /favicon.ico HTTP/1.1" 200 3638 "http://www.semicomplete.com/blog/geekery/xvfb-firefox.html" "Opera/9.80 (MTK; Opera Mini/2.1199/34.1244; U; id) Presto/2.8.119 Version/11.10"
82.145.208.98 - - [21/May/2018:14:05:22 +0000] "GET /images/web/2009/banner.png HTTP/1.1" 200 52315 "http://www.semicomplete.com/blog/geekery/xvfb-firefox.html" "Opera/9.80 (MTK; Opera Mini/2.1199/34.1244; U; id) Presto/2.8.119 Version/11.10"
198.46.149.143 - - [21/May/2018:14:05:40 +0000] "GET /blog/geekery/disabling-battery-in-ubuntu-vms.html?utm_source=feedburner&utm_medium=feed&utm_campaign=Feed%3A+semicomplete%2Fmain+%28semicomplete.com+-+Jordan+Sissel%29 HTTP/1.1" 200 9316 "-" "Tiny Tiny RSS/1.11 (http://tt-rss.org/)"
198.46.149.143 - - [21/May/2018:14:05:26 +0000] "GET /blog/geekery/solving-good-or-bad-problems.html?utm_source=feedburner&utm_medium=feed&utm_campaign=Feed%3A+semicomplete%2Fmain+%28semicomplete.com+-+Jordan+Sissel%29 HTTP/1.1" 200 10756 "-" "Tiny Tiny RSS/1.11 (http://tt-rss.org/)"
123.125.71.97 - - [21/May/2018:14:05:16 +0000] "GET / HTTP/1.1" 200 37932 "-" "Mozilla/5.0 (compatible; Baiduspider/2.0; +http://www.baidu.com/search/spider.html)"
66.249.73.135 - - [21/May/2018:14:05:26 +0000] "GET /presentations/mpi/ HTTP/1.1" 304 - "-" "Mozilla/5.0 (iPhone; CPU iPhone OS 6_0 like Mac OS X) AppleWebKit/536.26 (KHTML, like Gecko) Version/6.0 Mobile/10A5376e Safari/8536.25 (compatible; Googlebot/2.1; +http://www.google.com/bot.html)"
46.105.14.53 - - [21/May/2018:14:05:48 +0000] "GET /blog/tags/puppet?flav=rss20 HTTP/1.1" 200 14872 "-" "UniversalFeedParser/4.2-pre-314-svn +http://feedparser.org/"
198.148.112.117 - - [21/May/2018:14:05:53 +0000] "GET /presentations/logstash-scale11x/ HTTP/1.1" 200 54239 "http://semicomplete.com/" "Mozilla/5.0 (Macintosh; Intel Mac OS X 10.7; rv:21.0) Gecko/20100101 Firefox/21.0"
198.148.112.117 - - [21/May/2018:14:05:08 +0000] "GET /kibana/ HTTP/1.1" 200 4483 "http://semicomplete.com/" "Mozilla/5.0 (Macintosh; Intel Mac OS X 10.7; rv:21.0) Gecko/20100101 Firefox/21.0"
208.91.156.11 - - [21/May/2018:14:05:18 +0000] "GET /files/logstash/logstash-1.3.2-monolithic.jar HTTP/1.1" 404 324 "-" "Chef Client/10.18.2 (ruby-1.9.3-p327; ohai-6.16.0; x86_64-linux; +http://opscode.com)"
110.170.125.5 - - [21/May/2018:14:05:09 +0000] "GET / HTTP/1.1" 200 37932 "-" "Mozilla/4.0 (compatible; MSIE 7.0; Windows NT 6.1; Trident/4.0; SLCC2; .NET CLR 2.0.50727; .NET CLR 3.5.30729; .NET CLR 3.0.30729; Media Center PC 6.0; .NET4.0C)"
37.72.189.120 - - [21/May/2018:14:05:14 +0000] "GET /presentations/logstash-scale11x/ HTTP/1.0" 200 54239 "http://semicomplete.com/" "Mozilla/5.0 (Macintosh; Intel Mac OS X 10.7; rv:21.0) Gecko/20100101 Firefox/21.0"
37.72.189.120 - - [21/May/2018:14:05:04 +0000] "GET /kibana/ HTTP/1.0" 200 4483 "http://semicomplete.com/" "Mozilla/5.0 (Macintosh; Intel Mac OS X 10.7; rv:21.0) Gecko/20100101 Firefox/21.0"
50.16.19.13 - - [21/May/2018:14:05:21 +0000] "GET /blog/tags/puppet?flav=rss20 HTTP/1.1" 200 14872 "http://www.semicomplete.com/blog/tags/puppet?flav=rss20" "Tiny Tiny RSS/1.11 (http://tt-rss.org/)"
66.249.73.135 - - [21/May/2018:14:05:12 +0000] "GET /presentations/puppet-at-loggly/puppet-at-loggly.markdown HTTP/1.1" 304 - "-" "Mozilla/5.0 (iPhone; CPU iPhone OS 6_0 like Mac OS X) AppleWebKit/536.26 (KHTML, like Gecko) Version/6.0 Mobile/10A5376e Safari/8536.25 (compatible; Googlebot/2.1; +http://www.google.com/bot.html)"
46.105.14.53 - - [21/May/2018:14:05:05 +0000] "GET /blog/tags/puppet?flav=rss20 HTTP/1.1" 200 14872 "-" "UniversalFeedParser/4.2-pre-314-svn +http://feedparser.org/"
199.16.156.126 - - [21/May/2018:14:05:03 +0000] "GET /robots.txt HTTP/1.1" 200 - "-" "Twitterbot/1.0"
199.16.156.124 - - [21/May/2018:14:05:13 +0000] "GET /files/lumberjack/lumberjack-0.3.0.exe HTTP/1.1" 200 4378624 "-" "Twitterbot/1.0"
96.49.174.109 - - [21/May/2018:14:05:49 +0000] "GET /projects/tastydrive/tastydrive.py HTTP/1.1" 200 7089 "http://www.semicomplete.com/" "Mozilla/5.0 (Macintosh; Intel Mac OS X 10.7; rv:21.0) Gecko/20100101 Firefox/21.0"
74.125.176.150 - - [21/May/2018:14:05:27 +0000] "GET /?flav=rss20 HTTP/1.1" 200 29941 "-" "FeedBurner/1.0 (http://www.FeedBurner.com)"
66.249.73.185 - - [21/May/2018:14:05:38 +0000] "GET /files/pp/original.pp.pdf HTTP/1.1" 304 - "-" "Mozilla/5.0 (iPhone; CPU iPhone OS 6_0 like Mac OS X) AppleWebKit/536.26 (KHTML, like Gecko) Version/6.0 Mobile/10A5376e Safari/8536.25 (compatible; Googlebot/2.1; +http://www.google.com/bot.html)"
209.85.238.199 - - [21/May/2018:14:05:00 +0000] "GET /?flav=atom HTTP/1.1" 200 32352 "-" "Feedfetcher-Google; (+http://www.google.com/feedfetcher.html; 16 subscribers; feed-id=3389821348893992437)"
46.105.14.53 - - [21/May/2018:14:05:15 +0000] "GET /blog/tags/puppet?flav=rss20 HTTP/1.1" 200 14872 "-" "UniversalFeedParser/4.2-pre-314-svn +http://feedparser.org/"
180.76.5.196 - - [21/May/2018:14:05:01 +0000] "GET /blog/geekery/firefox-urleditor-hackery.html?commentlimit=0 HTTP/1.1" 200 8604 "-" "Mozilla/5.0 (compatible; Baiduspider/2.0; +http://www.baidu.com/search/spider.html)"
121.54.41.121 - - [21/May/2018:14:05:42 +0000] "GET /presentations/logstash-scale11x/images/ahhh___rage_face_by_samusmmx-d5g5zap.png HTTP/1.1" 200 175208 "http://www.google.com.ph/blank.html" "Mozilla/5.0 (Windows; U; Windows NT 5.1; en-US) AppleWebKit/534.16 (KHTML, like Gecko) Chrome/10.0.648.127 Safari/534.16"
49.230.158.243 - - [21/May/2018:14:05:14 +0000] "GET /images/googledotcom.png HTTP/1.1" 304 - "https://www.google.co.th/" "Mozilla/5.0 (Linux; Android 4.2.2; Lenovo A369i Build/JDQ39) AppleWebKit/537.36 (KHTML, like Gecko) Chrome/28.0.1500.94 Mobile Safari/537.36"
66.249.73.135 - - [21/May/2018:14:05:50 +0000] "GET /projects/xdotool/xdotool.xhtml HTTP/1.1" 304 - "-" "Mozilla/5.0 (compatible; Googlebot/2.1; +http://www.google.com/bot.html)"
66.249.73.135 - - [21/May/2018:14:05:51 +0000] "GET /blog/site/165.html HTTP/1.1" 200 9899 "-" "Mozilla/5.0 (compatible; Googlebot/2.1; +http://www.google.com/bot.html)"
71.229.217.245 - - [21/May/2018:14:05:52 +0000] "GET /presentations/logstash-scale11x/images/sad-medic.png HTTP/1.1" 200 430406 "-" "Mozilla/5.0 (X11; CrOS armv7l 4920.83.0) AppleWebKit/537.36 (KHTML, like Gecko) Chrome/32.0.1700.103 Safari/537.36"
78.231.138.213 - - [21/May/2018:14:05:07 +0000] "GET /projects/xdotool/xdotool.xhtml HTTP/1.1" 200 50112 "http://www.google.fr/url?sa=t&rct=j&q=&esrc=s&source=web&cd=2&ved=0CDUQFjAB&url=http%3A%2F%2Fwww.semicomplete.com%2Fprojects%2Fxdotool%2Fxdotool.xhtml&ei=6nQBU5j3EYHC7Aa8lIDACg&usg=AFQjCNFwZFAI0RQdN_N0kFH-oj8cLsJRNQ&bvm=bv.61535280,d.ZGU" "Mozilla/5.0 (X11; Linux x86_64; rv:27.0) Gecko/20100101 Firefox/27.0"
78.231.138.213 - - [21/May/2018:14:05:00 +0000] "GET /favicon.ico HTTP/1.1" 200 3638 "-" "Mozilla/5.0 (X11; Linux x86_64; rv:27.0) Gecko/20100101 Firefox/27.0"
46.105.14.53 - - [21/May/2018:14:05:32 +0000] "GET /blog/tags/puppet?flav=rss20 HTTP/1.1" 200 14872 "-" "UniversalFeedParser/4.2-pre-314-svn +http://feedparser.org/"
208.93.0.48 - - [21/May/2018:14:05:55 +0000] "GET /?flav=atom HTTP/1.1" 200 32352 "-" "LiveJournal.com (webmaster@livejournal.com; for http://www.livejournal.com/users/semicomplete_rs/; 1 readers)"
128.2.142.104 - - [21/May/2018:14:05:24 +0000] "GET /projects/fex HTTP/1.1" 301 335 "-" "Mozilla/4.0 (compatible; MSIE 7.0; AOL 9.1; AOLBuild 4334.5006; Windows NT 5.1; Trident/4.0; DigExt; .NET CLR 1.1.4322)"
128.2.142.104 - - [21/May/2018:14:05:44 +0000] "GET /projects/fex/ HTTP/1.1" 200 14352 "-" "Mozilla/4.0 (compatible; MSIE 7.0; AOL 9.1; AOLBuild 4334.5006; Windows NT 5.1; Trident/4.0; DigExt; .NET CLR 1.1.4322)"
180.76.6.28 - - [21/May/2018:14:05:03 +0000] "GET /robots.txt HTTP/1.1" 200 - "-" "Mozilla/5.0 (Windows NT 5.1; rv:6.0.2) Gecko/20100101 Firefox/6.0.2"
88.80.20.186 - - [21/May/2018:14:05:48 +0000] "GET /presentations/logstash-metrics-sf-2012.10/ HTTP/1.0" 200 18729 "http://semicomplete.com/" "Mozilla/5.0 (Macintosh; Intel Mac OS X 10.7; rv:21.0) Gecko/20100101 Firefox/21.0"
88.80.20.186 - - [21/May/2018:14:05:30 +0000] "GET /presentations/logstash-metrics-sf-2012.10/ HTTP/1.0" 200 18729 "http://semicomplete.com/" "Mozilla/5.0 (Macintosh; Intel Mac OS X 10.7; rv:21.0) Gecko/20100101 Firefox/21.0"
50.149.129.119 - - [21/May/2018:14:05:29 +0000] "GET /presentations/logstash-scale11x/images/ahhh___rage_face_by_samusmmx-d5g5zap.png HTTP/1.1" 200 175208 "https://www.google.com/" "Mozilla/5.0 (iPod; CPU iPhone OS 6_1_3 like Mac OS X) AppleWebKit/536.26 (KHTML, like Gecko) Version/6.0 Mobile/10B329 Safari/8536.25"
209.17.114.78 - - [21/May/2018:14:05:50 +0000] "GET /presentations/logstash-intro/file/logstash-roadmap/elasticsearch-logstash-piesnacking.png HTTP/1.1" 200 21820 "-" "Mozilla/4.0 (compatible; MSIE 6.0; Windows NT 5.2; SV1; .NET CLR 2.0.50727; InfoPath.1)"
24.183.21.30 - - [21/May/2018:14:05:34 +0000] "GET /presentations/logstash-blah/images/office-space-printer-beat-down-gif.gif HTTP/1.1" 200 6443283 "-" "Mozilla/5.0 (Windows NT 6.1; WOW64; rv:27.0) Gecko/20100101 Firefox/27.0"
50.16.19.13 - - [21/May/2018:14:05:17 +0000] "GET /blog/tags/puppet?flav=rss20 HTTP/1.1" 200 14872 "http://www.semicomplete.com/blog/tags/puppet?flav=rss20" "Tiny Tiny RSS/1.11 (http://tt-rss.org/)"
108.178.13.202 - - [21/May/2018:14:05:07 +0000] "GET /blog/rants/forbes-dot-com-sucks.html HTTP/1.0" 200 9482 "http://www.semicomplete.com/" "Mozilla/5.0 (Macintosh; Intel Mac OS X 10.7; rv:21.0) Gecko/20100101 Firefox/21.0"
108.178.13.202 - - [21/May/2018:14:05:25 +0000] "GET /blog/rants/forbes-dot-com-sucks.html HTTP/1.0" 200 9482 "http://www.semicomplete.com/" "Mozilla/5.0 (Macintosh; Intel Mac OS X 10.7; rv:21.0) Gecko/20100101 Firefox/21.0"
110.170.125.5 - - [21/May/2018:14:05:22 +0000] "GET /articles/ssh-security/ HTTP/1.1" 200 16543 "http://www.google.co.th/url?sa=t&rct=j&q=&esrc=s&frm=1&source=web&cd=1&cad=rja&ved=0CCcQFjAA&url=http%3A%2F%2Fwww.semicomplete.com%2Farticles%2Fssh-security%2F&ei=_m8BU6K1AsSeiQeLwYHgBg&usg=AFQjCNHWyA_svkWgk70ovEbZidQhlAC84w&bvm=bv.61535280,d.aGc" "Mozilla/4.0 (compatible; MSIE 7.0; Windows NT 6.1; Trident/4.0; SLCC2; .NET CLR 2.0.50727; .NET CLR 3.5.30729; .NET CLR 3.0.30729; Media Center PC 6.0; .NET4.0C)"
46.105.14.53 - - [21/May/2018:14:05:57 +0000] "GET /blog/tags/puppet?flav=rss20 HTTP/1.1" 200 14872 "-" "UniversalFeedParser/4.2-pre-314-svn +http://feedparser.org/"
173.11.136.157 - - [21/May/2018:14:05:58 +0000] "GET /blog/geekery/rrdtool-for-the-win.html HTTP/1.1" 200 13791 "-" "Mozilla/5.0 (Windows NT 6.1; WOW64; rv:27.0) Gecko/20100101 Firefox/27.0"
173.11.136.157 - - [21/May/2018:14:05:52 +0000] "GET /reset.css HTTP/1.1" 200 1015 "http://www.semicomplete.com/blog/geekery/rrdtool-for-the-win.html" "Mozilla/5.0 (Windows NT 6.1; WOW64; rv:27.0) Gecko/20100101 Firefox/27.0"
173.11.136.157 - - [21/May/2018:14:05:24 +0000] "GET /style2.css HTTP/1.1" 200 4877 "http://www.semicomplete.com/blog/geekery/rrdtool-for-the-win.html" "Mozilla/5.0 (Windows NT 6.1; WOW64; rv:27.0) Gecko/20100101 Firefox/27.0"
173.11.136.157 - - [21/May/2018:14:05:04 +0000] "GET /favicon.ico HTTP/1.1" 200 3638 "-" "Mozilla/5.0 (Windows NT 6.1; WOW64; rv:27.0) Gecko/20100101 Firefox/27.0"
173.11.136.157 - - [21/May/2018:14:05:32 +0000] "GET /images/webhits-1.png HTTP/1.1" 200 22218 "http://www.semicomplete.com/blog/geekery/rrdtool-for-the-win.html" "Mozilla/5.0 (Windows NT 6.1; WOW64; rv:27.0) Gecko/20100101 Firefox/27.0"
173.11.136.157 - - [21/May/2018:14:05:51 +0000] "GET /images/webhits-2.png HTTP/1.1" 200 23776 "http://www.semicomplete.com/blog/geekery/rrdtool-for-the-win.html" "Mozilla/5.0 (Windows NT 6.1; WOW64; rv:27.0) Gecko/20100101 Firefox/27.0"
173.11.136.157 - - [21/May/2018:14:05:04 +0000] "GET /images/jordan-80.png HTTP/1.1" 200 6146 "http://www.semicomplete.com/blog/geekery/rrdtool-for-the-win.html" "Mozilla/5.0 (Windows NT 6.1; WOW64; rv:27.0) Gecko/20100101 Firefox/27.0"
173.11.136.157 - - [21/May/2018:14:05:23 +0000] "GET /images/webhits-3.png HTTP/1.1" 200 22331 "http://www.semicomplete.com/blog/geekery/rrdtool-for-the-win.html" "Mozilla/5.0 (Windows NT 6.1; WOW64; rv:27.0) Gecko/20100101 Firefox/27.0"
173.11.136.157 - - [21/May/2018:14:05:22 +0000] "GET /images/web/2009/banner.png HTTP/1.1" 200 52315 "http://www.semicomplete.com/style2.css" "Mozilla/5.0 (Windows NT 6.1; WOW64; rv:27.0) Gecko/20100101 Firefox/27.0"
108.174.55.234 - - [21/May/2018:14:05:40 +0000] "GET /?flav=rss20 HTTP/1.1" 200 29941 "-" "-"
180.180.100.65 - - [21/May/2018:14:05:11 +0000] "GET / HTTP/1.1" 200 37932 "http://semicomplete.com/" "Mozilla/5.0 (Macintosh; Intel Mac OS X 10.7; rv:22.0) Gecko/20100101 Firefox/22.0"
180.180.100.65 - - [21/May/2018:14:05:35 +0000] "GET /articles/ssh-security/ HTTP/1.1" 200 16543 "http://semicomplete.com/" "Mozilla/5.0 (Macintosh; Intel Mac OS X 10.7; rv:22.0) Gecko/20100101 Firefox/22.0"
117.28.234.67 - - [21/May/2018:14:05:22 +0000] "GET /files/logstash/ HTTP/1.1" 200 13316 "-" "Mozilla/5.0 (Windows NT 6.2; rv:27.0) Gecko/20100101 Firefox/27.0"
117.28.234.67 - - [21/May/2018:14:05:00 +0000] "GET /icons/blank.gif HTTP/1.1" 200 148 "http://semicomplete.com/files/logstash/" "Mozilla/5.0 (Windows NT 6.2; rv:27.0) Gecko/20100101 Firefox/27.0"
117.28.234.67 - - [21/May/2018:14:05:17 +0000] "GET /icons/text.gif HTTP/1.1" 200 229 "http://semicomplete.com/files/logstash/" "Mozilla/5.0 (Windows NT 6.2; rv:27.0) Gecko/20100101 Firefox/27.0"
117.28.234.67 - - [21/May/2018:14:05:38 +0000] "GET /icons/back.gif HTTP/1.1" 200 216 "http://semicomplete.com/files/logstash/" "Mozilla/5.0 (Windows NT 6.2; rv:27.0) Gecko/20100101 Firefox/27.0"
117.28.234.67 - - [21/May/2018:14:05:13 +0000] "GET /icons/unknown.gif HTTP/1.1" 200 245 "http://semicomplete.com/files/logstash/" "Mozilla/5.0 (Windows NT 6.2; rv:27.0) Gecko/20100101 Firefox/27.0"
117.28.234.67 - - [21/May/2018:14:05:03 +0000] "GET /favicon.ico HTTP/1.1" 200 3638 "-" "Mozilla/5.0 (Windows NT 6.2; rv:27.0) Gecko/20100101 Firefox/27.0"
119.147.146.189 - - [21/May/2018:14:05:19 +0000] "GET /files/logstash/ HTTP/1.1" 200 13316 "-" "Mozilla/4.0 (compatible; MSIE 6.0; Windows NT 5.1; SV1; .NET CLR 2.0.50727; MAXTHON 2.0)"
178.32.216.134 - - [21/May/2018:14:05:27 +0000] "GET /projects/keynav/ HTTP/1.1" 200 18985 "-" "Python-urllib/2.7"
178.32.216.134 - - [21/May/2018:14:05:09 +0000] "GET /projects/keynav/ HTTP/1.1" 200 18985 "http://www.semicomplete.com/projects/keynav/" "Python-urllib/2.7"
201.26.152.202 - - [21/May/2018:14:05:51 +0000] "GET /files/xdotool/docs/html/ HTTP/1.1" 200 3870 "https://www.google.com.br/" "Mozilla/5.0 (X11; Linux x86_64) AppleWebKit/537.36 (KHTML, like Gecko) Chrome/32.0.1700.107 Safari/537.36"
201.26.152.202 - - [21/May/2018:14:05:23 +0000] "GET /files/xdotool/docs/html/tabs.css HTTP/1.1" 200 1844 "http://www.semicomplete.com/files/xdotool/docs/html/" "Mozilla/5.0 (X11; Linux x86_64) AppleWebKit/537.36 (KHTML, like Gecko) Chrome/32.0.1700.107 Safari/537.36"
201.26.152.202 - - [21/May/2018:14:05:34 +0000] "GET /files/xdotool/docs/html/search/search.css HTTP/1.1" 200 3843 "http://www.semicomplete.com/files/xdotool/docs/html/" "Mozilla/5.0 (X11; Linux x86_64) AppleWebKit/537.36 (KHTML, like Gecko) Chrome/32.0.1700.107 Safari/537.36"
201.26.152.202 - - [21/May/2018:14:05:49 +0000] "GET /files/xdotool/docs/html/doxygen.css HTTP/1.1" 200 7911 "http://www.semicomplete.com/files/xdotool/docs/html/" "Mozilla/5.0 (X11; Linux x86_64) AppleWebKit/537.36 (KHTML, like Gecko) Chrome/32.0.1700.107 Safari/537.36"
201.26.152.202 - - [21/May/2018:14:05:09 +0000] "GET /files/xdotool/docs/html/search/search.js HTTP/1.1" 200 21330 "http://www.semicomplete.com/files/xdotool/docs/html/" "Mozilla/5.0 (X11; Linux x86_64) AppleWebKit/537.36 (KHTML, like Gecko) Chrome/32.0.1700.107 Safari/537.36"
201.26.152.202 - - [21/May/2018:14:05:57 +0000] "GET /files/xdotool/docs/html/search/search.png HTTP/1.1" 200 527 "http://www.semicomplete.com/files/xdotool/docs/html/" "Mozilla/5.0 (X11; Linux x86_64) AppleWebKit/537.36 (KHTML, like Gecko) Chrome/32.0.1700.107 Safari/537.36"
201.26.152.202 - - [21/May/2018:14:05:04 +0000] "GET /files/xdotool/docs/html/tab_b.gif HTTP/1.1" 200 35 "http://www.semicomplete.com/files/xdotool/docs/html/" "Mozilla/5.0 (X11; Linux x86_64) AppleWebKit/537.36 (KHTML, like Gecko) Chrome/32.0.1700.107 Safari/537.36"
201.26.152.202 - - [21/May/2018:14:05:51 +0000] "GET /files/xdotool/docs/html/tab_r.gif HTTP/1.1" 200 2585 "http://www.semicomplete.com/files/xdotool/docs/html/" "Mozilla/5.0 (X11; Linux x86_64) AppleWebKit/537.36 (KHTML, like Gecko) Chrome/32.0.1700.107 Safari/537.36"
201.26.152.202 - - [21/May/2018:14:05:21 +0000] "GET /files/xdotool/docs/html/tab_l.gif HTTP/1.1" 200 706 "http://www.semicomplete.com/files/xdotool/docs/html/" "Mozilla/5.0 (X11; Linux x86_64) AppleWebKit/537.36 (KHTML, like Gecko) Chrome/32.0.1700.107 Safari/537.36"
201.26.152.202 - - [21/May/2018:14:05:11 +0000] "GET /files/xdotool/docs/html/search/close.png HTTP/1.1" 200 273 "http://www.semicomplete.com/files/xdotool/docs/html/" "Mozilla/5.0 (X11; Linux x86_64) AppleWebKit/537.36 (KHTML, like Gecko) Chrome/32.0.1700.107 Safari/537.36"
201.26.152.202 - - [21/May/2018:14:05:34 +0000] "GET /files/xdotool/docs/html/doxygen.png HTTP/1.1" 200 1281 "http://www.semicomplete.com/files/xdotool/docs/html/" "Mozilla/5.0 (X11; Linux x86_64) AppleWebKit/537.36 (KHTML, like Gecko) Chrome/32.0.1700.107 Safari/537.36"
201.26.152.202 - - [21/May/2018:15:05:28 +0000] "GET /favicon.ico HTTP/1.1" 200 3638 "-" "Mozilla/5.0 (X11; Linux x86_64) AppleWebKit/537.36 (KHTML, like Gecko) Chrome/32.0.1700.107 Safari/537.36"
201.26.152.202 - - [21/May/2018:15:05:10 +0000] "GET /files/xdotool/docs/html/xdo_8h.html HTTP/1.1" 200 145776 "http://www.semicomplete.com/files/xdotool/docs/html/" "Mozilla/5.0 (X11; Linux x86_64) AppleWebKit/537.36 (KHTML, like Gecko) Chrome/32.0.1700.107 Safari/537.36"
74.125.176.80 - - [21/May/2018:15:05:26 +0000] "GET /?flav=rss20 HTTP/1.1" 200 29941 "-" "FeedBurner/1.0 (http://www.FeedBurner.com)"
46.105.14.53 - - [21/May/2018:15:05:56 +0000] "GET /blog/tags/puppet?flav=rss20 HTTP/1.1" 200 14872 "-" "UniversalFeedParser/4.2-pre-314-svn +http://feedparser.org/"
216.152.243.146 - - [21/May/2018:15:05:00 +0000] "GET /presentations/logstash-scale11x/ HTTP/1.1" 200 54239 "http://www.semicomplete.com/" "Mozilla/5.0 (Macintosh; Intel Mac OS X 10.7; rv:21.0) Gecko/20100101 Firefox/21.0"
216.152.243.146 - - [21/May/2018:15:05:06 +0000] "GET /style2.css HTTP/1.1" 200 4877 "http://www.semicomplete.com/" "Mozilla/5.0 (Macintosh; Intel Mac OS X 10.7; rv:21.0) Gecko/20100101 Firefox/21.0"
80.237.234.150 - - [21/May/2018:15:05:41 +0000] "GET /favicon.ico HTTP/1.1" 200 3638 "-" "Mozilla/5.0 (X11; Linux x86_64; rv:24.0) Gecko/20131215 Firefox/24.0 Iceweasel/24.2.0"
66.249.73.135 - - [21/May/2018:15:05:58 +0000] "GET /articles/ HTTP/1.1" 200 9981 "-" "Mozilla/5.0 (iPhone; CPU iPhone OS 6_0 like Mac OS X) AppleWebKit/536.26 (KHTML, like Gecko) Version/6.0 Mobile/10A5376e Safari/8536.25 (compatible; Googlebot/2.1; +http://www.google.com/bot.html)"
88.120.89.50 - - [21/May/2018:15:05:16 +0000] "GET /projects/xdotool/ HTTP/1.1" 200 12292 "-" "Mozilla/5.0 (X11; Ubuntu; Linux x86_64; rv:27.0) Gecko/20100101 Firefox/27.0"
88.120.89.50 - - [21/May/2018:15:05:01 +0000] "GET /reset.css HTTP/1.1" 200 1015 "http://www.semicomplete.com/projects/xdotool/" "Mozilla/5.0 (X11; Ubuntu; Linux x86_64; rv:27.0) Gecko/20100101 Firefox/27.0"
88.120.89.50 - - [21/May/2018:15:05:38 +0000] "GET /style2.css HTTP/1.1" 200 4877 "http://www.semicomplete.com/projects/xdotool/" "Mozilla/5.0 (X11; Ubuntu; Linux x86_64; rv:27.0) Gecko/20100101 Firefox/27.0"
88.120.89.50 - - [21/May/2018:15:05:34 +0000] "GET /images/jordan-80.png HTTP/1.1" 200 6146 "http://www.semicomplete.com/projects/xdotool/" "Mozilla/5.0 (X11; Ubuntu; Linux x86_64; rv:27.0) Gecko/20100101 Firefox/27.0"
88.120.89.50 - - [21/May/2018:15:05:43 +0000] "GET /images/web/2009/banner.png HTTP/1.1" 200 52315 "http://www.semicomplete.com/style2.css" "Mozilla/5.0 (X11; Ubuntu; Linux x86_64; rv:27.0) Gecko/20100101 Firefox/27.0"
68.180.224.225 - - [21/May/2018:15:05:39 +0000] "GET /blog/geekery/field-extraction-tool-fex-release.html HTTP/1.1" 200 8304 "-" "Mozilla/5.0 (compatible; Yahoo! Slurp; http://help.yahoo.com/help/us/ysearch/slurp)"
88.120.89.50 - - [21/May/2018:15:05:15 +0000] "GET /projects/xdotool/xdotool.xhtml HTTP/1.1" 200 50112 "http://www.semicomplete.com/projects/xdotool/" "Mozilla/5.0 (X11; Ubuntu; Linux x86_64; rv:27.0) Gecko/20100101 Firefox/27.0"
88.120.89.50 - - [21/May/2018:15:05:05 +0000] "GET /files/xdotool/docs HTTP/1.1" 301 341 "http://www.semicomplete.com/projects/xdotool/" "Mozilla/5.0 (X11; Ubuntu; Linux x86_64; rv:27.0) Gecko/20100101 Firefox/27.0"
88.120.89.50 - - [21/May/2018:15:05:23 +0000] "GET /files/xdotool/docs/ HTTP/1.1" 200 1328 "http://www.semicomplete.com/projects/xdotool/" "Mozilla/5.0 (X11; Ubuntu; Linux x86_64; rv:27.0) Gecko/20100101 Firefox/27.0"
88.120.89.50 - - [21/May/2018:15:05:37 +0000] "GET /icons/blank.gif HTTP/1.1" 200 148 "http://www.semicomplete.com/files/xdotool/docs/" "Mozilla/5.0 (X11; Ubuntu; Linux x86_64; rv:27.0) Gecko/20100101 Firefox/27.0"
88.120.89.50 - - [21/May/2018:15:05:41 +0000] "GET /icons/back.gif HTTP/1.1" 200 216 "http://www.semicomplete.com/files/xdotool/docs/" "Mozilla/5.0 (X11; Ubuntu; Linux x86_64; rv:27.0) Gecko/20100101 Firefox/27.0"
88.120.89.50 - - [21/May/2018:15:05:34 +0000] "GET /icons/folder.gif HTTP/1.1" 200 225 "http://www.semicomplete.com/files/xdotool/docs/" "Mozilla/5.0 (X11; Ubuntu; Linux x86_64; rv:27.0) Gecko/20100101 Firefox/27.0"
107.170.40.205 - - [21/May/2018:15:05:51 +0000] "GET /?flav=atom HTTP/1.1" 200 32352 "-" "Feedbin - 1 subscribers"
66.249.73.135 - - [21/May/2018:15:05:44 +0000] "GET /blog/site/callforcallforpostings.html HTTP/1.1" 200 8835 "-" "Mozilla/5.0 (iPhone; CPU iPhone OS 6_0 like Mac OS X) AppleWebKit/536.26 (KHTML, like Gecko) Version/6.0 Mobile/10A5376e Safari/8536.25 (compatible; Googlebot/2.1; +http://www.google.com/bot.html)"
199.30.20.11 - - [21/May/2018:15:05:06 +0000] "GET /robots.txt HTTP/1.1" 200 - "-" "msnbot-media/1.1 (+http://search.msn.com/msnbot.htm)"
199.30.20.11 - - [21/May/2018:15:05:57 +0000] "GET /blog/geekery/jquery-formfill-v2.html HTTP/1.1" 200 9822 "-" "msnbot-media/1.1 (+http://search.msn.com/msnbot.htm)"
88.120.89.50 - - [21/May/2018:15:05:58 +0000] "GET /projects/xdotool HTTP/1.1" 301 339 "http://www.semicomplete.com/projects/xdotool/xdotool.xhtml" "Mozilla/5.0 (X11; Ubuntu; Linux x86_64; rv:27.0) Gecko/20100101 Firefox/27.0"
88.120.89.50 - - [21/May/2018:15:05:19 +0000] "GET /projects/xdotool/ HTTP/1.1" 200 12292 "http://www.semicomplete.com/projects/xdotool/xdotool.xhtml" "Mozilla/5.0 (X11; Ubuntu; Linux x86_64; rv:27.0) Gecko/20100101 Firefox/27.0"
217.69.133.237 - - [21/May/2018:15:05:46 +0000] "GET /robots.txt HTTP/1.1" 200 - "-" "Mozilla/5.0 (compatible; Linux x86_64; Mail.RU_Bot/2.0; +http://go.mail.ru/help/robots)"
217.69.133.70 - - [21/May/2018:15:05:03 +0000] "GET /blog/geekery/devopsdays-2010.html HTTP/1.1" 200 10087 "-" "Mozilla/5.0 (compatible; Linux x86_64; Mail.RU_Bot/2.0; +http://go.mail.ru/help/robots)"
207.241.237.228 - - [21/May/2018:15:05:27 +0000] "GET /blog/site/sitemove.html HTTP/1.0" 200 8874 "http://www.semicomplete.com/about/" "Mozilla/5.0 (compatible; archive.org_bot +http://www.archive.org/details/archive.org_bot)"
46.105.14.53 - - [21/May/2018:15:05:50 +0000] "GET /blog/tags/puppet?flav=rss20 HTTP/1.1" 200 14872 "-" "UniversalFeedParser/4.2-pre-314-svn +http://feedparser.org/"
201.26.152.202 - - [21/May/2018:15:05:00 +0000] "GET /blog/geekery/xsendevent-xdotool-and-ld_preload.html HTTP/1.1" 200 10049 "http://stackoverflow.com/questions/14656615/xlib-xsendevent-click-event-do-not-work-inside-of-some-windows-on-ubuntu-12-04" "Mozilla/5.0 (X11; Linux x86_64) AppleWebKit/537.36 (KHTML, like Gecko) Chrome/32.0.1700.107 Safari/537.36"
201.26.152.202 - - [21/May/2018:15:05:14 +0000] "GET /reset.css HTTP/1.1" 200 1015 "http://www.semicomplete.com/blog/geekery/xsendevent-xdotool-and-ld_preload.html" "Mozilla/5.0 (X11; Linux x86_64) AppleWebKit/537.36 (KHTML, like Gecko) Chrome/32.0.1700.107 Safari/537.36"
201.26.152.202 - - [21/May/2018:15:05:30 +0000] "GET /style2.css HTTP/1.1" 200 4877 "http://www.semicomplete.com/blog/geekery/xsendevent-xdotool-and-ld_preload.html" "Mozilla/5.0 (X11; Linux x86_64) AppleWebKit/537.36 (KHTML, like Gecko) Chrome/32.0.1700.107 Safari/537.36"
201.26.152.202 - - [21/May/2018:15:05:16 +0000] "GET /images/jordan-80.png HTTP/1.1" 200 6146 "http://www.semicomplete.com/blog/geekery/xsendevent-xdotool-and-ld_preload.html" "Mozilla/5.0 (X11; Linux x86_64) AppleWebKit/537.36 (KHTML, like Gecko) Chrome/32.0.1700.107 Safari/537.36"
201.26.152.202 - - [21/May/2018:15:05:42 +0000] "GET /images/web/2009/banner.png HTTP/1.1" 200 52315 "http://www.semicomplete.com/blog/geekery/xsendevent-xdotool-and-ld_preload.html" "Mozilla/5.0 (X11; Linux x86_64) AppleWebKit/537.36 (KHTML, like Gecko) Chrome/32.0.1700.107 Safari/537.36"
66.249.73.135 - - [21/May/2018:15:05:46 +0000] "GET /blog/tags/firefox?flav=rss20 HTTP/1.1" 200 16021 "-" "Mozilla/5.0 (compatible; Googlebot/2.1; +http://www.google.com/bot.html)"
66.249.73.135 - - [21/May/2018:15:05:42 +0000] "GET /misc/Title.php.txt HTTP/1.1" 500 - "-" "Mozilla/5.0 (compatible; Googlebot/2.1; +http://www.google.com/bot.html)"
208.93.0.48 - - [21/May/2018:15:05:46 +0000] "GET /?flav=rss20 HTTP/1.1" 200 29941 "-" "LiveJournal.com (webmaster@livejournal.com; for http://www.livejournal.com/users/cshpsionic/; 8 readers)"
88.120.89.50 - - [21/May/2018:15:05:36 +0000] "GET /files/xdotool/docs/html/ HTTP/1.1" 200 3870 "http://www.semicomplete.com/files/xdotool/docs/" "Mozilla/5.0 (X11; Ubuntu; Linux x86_64; rv:27.0) Gecko/20100101 Firefox/27.0"
88.120.89.50 - - [21/May/2018:15:05:02 +0000] "GET /files/xdotool/docs/html/tabs.css HTTP/1.1" 200 1844 "http://www.semicomplete.com/files/xdotool/docs/html/" "Mozilla/5.0 (X11; Ubuntu; Linux x86_64; rv:27.0) Gecko/20100101 Firefox/27.0"
88.120.89.50 - - [21/May/2018:15:05:54 +0000] "GET /files/xdotool/docs/html/search/search.css HTTP/1.1" 200 3843 "http://www.semicomplete.com/files/xdotool/docs/html/" "Mozilla/5.0 (X11; Ubuntu; Linux x86_64; rv:27.0) Gecko/20100101 Firefox/27.0"
88.120.89.50 - - [21/May/2018:15:05:07 +0000] "GET /files/xdotool/docs/html/search/search.js HTTP/1.1" 200 21330 "http://www.semicomplete.com/files/xdotool/docs/html/" "Mozilla/5.0 (X11; Ubuntu; Linux x86_64; rv:27.0) Gecko/20100101 Firefox/27.0"
88.120.89.50 - - [21/May/2018:15:05:03 +0000] "GET /files/xdotool/docs/html/doxygen.css HTTP/1.1" 200 7911 "http://www.semicomplete.com/files/xdotool/docs/html/" "Mozilla/5.0 (X11; Ubuntu; Linux x86_64; rv:27.0) Gecko/20100101 Firefox/27.0"
88.120.89.50 - - [21/May/2018:15:05:17 +0000] "GET /files/xdotool/docs/html/search/search.png HTTP/1.1" 200 527 "http://www.semicomplete.com/files/xdotool/docs/html/" "Mozilla/5.0 (X11; Ubuntu; Linux x86_64; rv:27.0) Gecko/20100101 Firefox/27.0"
88.120.89.50 - - [21/May/2018:15:05:19 +0000] "GET /files/xdotool/docs/html/search/close.png HTTP/1.1" 200 273 "http://www.semicomplete.com/files/xdotool/docs/html/" "Mozilla/5.0 (X11; Ubuntu; Linux x86_64; rv:27.0) Gecko/20100101 Firefox/27.0"
88.120.89.50 - - [21/May/2018:15:05:06 +0000] "GET /files/xdotool/docs/html/doxygen.png HTTP/1.1" 200 1281 "http://www.semicomplete.com/files/xdotool/docs/html/" "Mozilla/5.0 (X11; Ubuntu; Linux x86_64; rv:27.0) Gecko/20100101 Firefox/27.0"
88.120.89.50 - - [21/May/2018:15:05:19 +0000] "GET /files/xdotool/docs/html/tab_b.gif HTTP/1.1" 200 35 "http://www.semicomplete.com/files/xdotool/docs/html/tabs.css" "Mozilla/5.0 (X11; Ubuntu; Linux x86_64; rv:27.0) Gecko/20100101 Firefox/27.0"
88.120.89.50 - - [21/May/2018:15:05:31 +0000] "GET /files/xdotool/docs/html/tab_r.gif HTTP/1.1" 200 2585 "http://www.semicomplete.com/files/xdotool/docs/html/tabs.css" "Mozilla/5.0 (X11; Ubuntu; Linux x86_64; rv:27.0) Gecko/20100101 Firefox/27.0"
88.120.89.50 - - [21/May/2018:15:05:49 +0000] "GET /files/xdotool/docs/html/tab_l.gif HTTP/1.1" 200 706 "http://www.semicomplete.com/files/xdotool/docs/html/tabs.css" "Mozilla/5.0 (X11; Ubuntu; Linux x86_64; rv:27.0) Gecko/20100101 Firefox/27.0"
208.91.156.11 - - [21/May/2018:15:05:20 +0000] "GET /files/logstash/logstash-1.3.2-monolithic.jar HTTP/1.1" 404 324 "-" "Chef Client/10.18.2 (ruby-1.9.3-p327; ohai-6.16.0; x86_64-linux; +http://opscode.com)"
91.236.75.26 - - [21/May/2018:15:05:30 +0000] "GET /blog/geekery/jquery-interface-puffer.html HTTP/1.0" 200 9799 "http://www.semicomplete.com/blog/geekery/jquery-interface-puffer.html" "Mozilla/5.0 (Windows NT 5.1; rv:8.0) Gecko/20100101 Firefox/8.0"
88.120.89.50 - - [21/May/2018:15:05:52 +0000] "GET /files/xdotool/docs/html/annotated.html HTTP/1.1" 200 5054 "http://www.semicomplete.com/files/xdotool/docs/html/" "Mozilla/5.0 (X11; Ubuntu; Linux x86_64; rv:27.0) Gecko/20100101 Firefox/27.0"
88.120.89.50 - - [21/May/2018:15:05:11 +0000] "GET /files/xdotool/docs/html/structcharcodemap.html HTTP/1.1" 200 7186 "http://www.semicomplete.com/files/xdotool/docs/html/annotated.html" "Mozilla/5.0 (X11; Ubuntu; Linux x86_64; rv:27.0) Gecko/20100101 Firefox/27.0"
88.120.89.50 - - [21/May/2018:15:05:35 +0000] "GET /files/xdotool/docs/html/structkeysym__charmap.html HTTP/1.1" 200 4528 "http://www.semicomplete.com/files/xdotool/docs/html/annotated.html" "Mozilla/5.0 (X11; Ubuntu; Linux x86_64; rv:27.0) Gecko/20100101 Firefox/27.0"
157.56.92.141 - - [21/May/2018:15:05:50 +0000] "GET /projects/xdotool/xdotool.xhtml HTTP/1.1" 200 50112 "-" "Mozilla/5.0 (compatible; bingbot/2.0; +http://www.bing.com/bingbot.htm)"
66.249.73.135 - - [21/May/2018:15:05:10 +0000] "GET /blog/geekery/puppet-facts-into-mcollective.html HTTP/1.1" 200 9872 "-" "Mozilla/5.0 (iPhone; CPU iPhone OS 6_0 like Mac OS X) AppleWebKit/536.26 (KHTML, like Gecko) Version/6.0 Mobile/10A5376e Safari/8536.25 (compatible; Googlebot/2.1; +http://www.google.com/bot.html)"
203.116.59.13 - - [21/May/2018:15:05:47 +0000] "GET /presentations/logstash-monitorama-2013/images/kibana-dashboard3.png HTTP/1.1" 200 171717 "http://www.google.com.sg/blank.html" "Mozilla/5.0 (Windows NT 6.1; rv:19.0) Gecko/20100101 Firefox/19.0"
23.105.131.185 - - [21/May/2018:15:05:27 +0000] "GET /articles/ppp-over-ssh/ HTTP/1.1" 200 18586 "http://www.semicomplete.com/articles/ppp-over-ssh/" "Mozilla/5.0 (Windows; U; Windows NT 5.1; en-US; rv:1.9.0.14) Gecko/2009082707 Firefox/3.0.14 (.NET CLR 3.5.30729)"
189.214.42.128 - - [21/May/2018:15:05:52 +0000] "GET /articles/dynamic-dns-with-dhcp/ HTTP/1.1" 200 18848 "http://www.google.com.mx/url?sa=t&rct=j&q=&esrc=s&source=web&cd=1&ved=0CCsQFjAA&url=http%3A%2F%2Fwww.semicomplete.com%2Farticles%2Fdynamic-dns-with-dhcp%2F&ei=eHkBU5msKuma2gWcwoDgCg&usg=AFQjCNEF1X4Rs52UYQyLiySTQxa97ozM4g&sig2=kYnsYDkXqTv8JQjdt315OA&bvm=bv.61535280,d.b2I" "Mozilla/5.0 (X11; Linux i686; rv:26.0) Gecko/20100101 Firefox/26.0"
189.214.42.128 - - [21/May/2018:15:05:21 +0000] "GET /reset.css HTTP/1.1" 200 1015 "http://www.semicomplete.com/articles/dynamic-dns-with-dhcp/" "Mozilla/5.0 (X11; Linux i686; rv:26.0) Gecko/20100101 Firefox/26.0"
189.214.42.128 - - [21/May/2018:15:05:49 +0000] "GET /favicon.ico HTTP/1.1" 200 3638 "-" "Mozilla/5.0 (X11; Linux i686; rv:26.0) Gecko/20100101 Firefox/26.0"
189.214.42.128 - - [21/May/2018:15:05:10 +0000] "GET /style2.css HTTP/1.1" 200 4877 "http://www.semicomplete.com/articles/dynamic-dns-with-dhcp/" "Mozilla/5.0 (X11; Linux i686; rv:26.0) Gecko/20100101 Firefox/26.0"
189.214.42.128 - - [21/May/2018:15:05:12 +0000] "GET /images/jordan-80.png HTTP/1.1" 200 6146 "http://www.semicomplete.com/articles/dynamic-dns-with-dhcp/" "Mozilla/5.0 (X11; Linux i686; rv:26.0) Gecko/20100101 Firefox/26.0"
189.214.42.128 - - [21/May/2018:15:05:06 +0000] "GET /images/web/2009/banner.png HTTP/1.1" 200 52315 "http://www.semicomplete.com/style2.css" "Mozilla/5.0 (X11; Linux i686; rv:26.0) Gecko/20100101 Firefox/26.0"
119.36.179.179 - - [21/May/2018:15:05:10 +0000] "GET /blog/geekery/xvfb-firefox.html HTTP/1.1" 200 10975 "http://en.wikipedia.org/wiki/Xvfb" "Mozilla/5.0 (X11; Ubuntu; Linux i686; rv:27.0) Gecko/20100101 Firefox/27.0"
119.36.179.179 - - [21/May/2018:15:05:03 +0000] "GET /reset.css HTTP/1.1" 200 1015 "http://semicomplete.com/blog/geekery/xvfb-firefox.html" "Mozilla/5.0 (X11; Ubuntu; Linux i686; rv:27.0) Gecko/20100101 Firefox/27.0"
119.36.179.179 - - [21/May/2018:15:05:50 +0000] "GET /favicon.ico HTTP/1.1" 200 3638 "-" "Mozilla/5.0 (X11; Ubuntu; Linux i686; rv:27.0) Gecko/20100101 Firefox/27.0"
119.36.179.179 - - [21/May/2018:15:05:39 +0000] "GET /style2.css HTTP/1.1" 200 4877 "http://semicomplete.com/blog/geekery/xvfb-firefox.html" "Mozilla/5.0 (X11; Ubuntu; Linux i686; rv:27.0) Gecko/20100101 Firefox/27.0"
119.36.179.179 - - [21/May/2018:15:05:49 +0000] "GET /images/jordan-80.png HTTP/1.1" 200 6146 "http://semicomplete.com/blog/geekery/xvfb-firefox.html" "Mozilla/5.0 (X11; Ubuntu; Linux i686; rv:27.0) Gecko/20100101 Firefox/27.0"
119.36.179.179 - - [21/May/2018:15:05:07 +0000] "GET /images/web/2009/banner.png HTTP/1.1" 200 52315 "http://semicomplete.com/style2.css" "Mozilla/5.0 (X11; Ubuntu; Linux i686; rv:27.0) Gecko/20100101 Firefox/27.0"
208.43.255.31 - - [21/May/2018:15:05:22 +0000] "GET /robots.txt HTTP/1.1" 200 - "-" "Mozilla/5.0 (compatible; MSIE 9.0; Windows NT 6.1; WOW64; Trident/5.0; chromeframe/19.0.1084.52)"
208.43.255.31 - - [21/May/2018:15:05:23 +0000] "GET /projects/xdotool/ HTTP/1.1" 200 12292 "-" "Mozilla/5.0 (compatible; MSIE 9.0; Windows NT 6.1; WOW64; Trident/5.0; chromeframe/19.0.1084.52)"
119.36.179.179 - - [21/May/2018:15:05:24 +0000] "GET /images/googledotcom.png HTTP/1.1" 200 65748 "http://semicomplete.com/blog/geekery/xvfb-firefox.html" "Mozilla/5.0 (X11; Ubuntu; Linux i686; rv:27.0) Gecko/20100101 Firefox/27.0"
211.150.124.10 - - [21/May/2018:15:05:14 +0000] "GET /presentations/logstash-scale11x/images/logstash.png HTTP/1.1" 200 47731 "http://kufli.blogspot.com/2013/07/log-analysis-using-logstash.html" "Mozilla/5.0 (Windows NT 6.1) AppleWebKit/537.36 (KHTML, like Gecko) Chrome/31.0.1650.63 Safari/537.36"
46.105.14.53 - - [21/May/2018:15:05:41 +0000] "GET /blog/tags/puppet?flav=rss20 HTTP/1.1" 200 14872 "-" "UniversalFeedParser/4.2-pre-314-svn +http://feedparser.org/"
118.169.39.21 - - [21/May/2018:15:05:35 +0000] "GET /favicon.ico HTTP/1.1" 200 3638 "-" "Mozilla/5.0 (X11; Linux x86_64; rv:17.0) Gecko/20100101 Firefox/17.0"
68.115.79.126 - - [21/May/2018:15:05:39 +0000] "GET /presentations/logstash-scale11x/images/ahhh___rage_face_by_samusmmx-d5g5zap.png HTTP/1.1" 200 175208 "https://www.google.com/" "Mozilla/5.0 (iPad; CPU OS 7_0_4 like Mac OS X) AppleWebKit/537.51.1 (KHTML, like Gecko) Version/7.0 Mobile/11B554a Safari/9537.53"
66.249.73.135 - - [21/May/2018:15:05:11 +0000] "GET /blog/geekery/jquery-formfill-v1.html HTTP/1.1" 200 10279 "-" "Mozilla/5.0 (iPhone; CPU iPhone OS 6_0 like Mac OS X) AppleWebKit/536.26 (KHTML, like Gecko) Version/6.0 Mobile/10A5376e Safari/8536.25 (compatible; Googlebot/2.1; +http://www.google.com/bot.html)"
116.212.243.74 - - [21/May/2018:15:05:58 +0000] "GET /presentations/logstash-scale11x/images/ahhh___rage_face_by_samusmmx-d5g5zap.png HTTP/1.1" 200 175208 "http://www.google.com.au/blank.html" "Mozilla/5.0 (Windows NT 6.3; WOW64) AppleWebKit/537.36 (KHTML, like Gecko) Chrome/32.0.1700.107 Safari/537.36"
50.16.19.13 - - [21/May/2018:15:05:51 +0000] "GET /blog/tags/puppet?flav=rss20 HTTP/1.1" 200 14872 "http://www.semicomplete.com/blog/tags/puppet?flav=rss20" "Tiny Tiny RSS/1.11 (http://tt-rss.org/)"
50.2.225.180 - - [21/May/2018:15:05:40 +0000] "GET /presentations/logstash-puppetconf-2012/ HTTP/1.0" 200 37269 "http://semicomplete.com/" "Mozilla/5.0 (Macintosh; Intel Mac OS X 10.7; rv:21.0) Gecko/20100101 Firefox/21.0"
50.2.225.180 - - [21/May/2018:15:05:13 +0000] "GET /presentations/puppet-at-loggly/puppet-at-loggly.pdf.html HTTP/1.0" 200 24747 "http://semicomplete.com/" "Mozilla/5.0 (Macintosh; Intel Mac OS X 10.7; rv:21.0) Gecko/20100101 Firefox/21.0"
210.13.83.18 - - [21/May/2018:15:05:28 +0000] "GET /presentations/logstash-puppetconf-2012/ HTTP/1.1" 200 37269 "http://logstash.net/docs/1.3.3/learn" "Mozilla/5.0 (Windows NT 6.1; WOW64) AppleWebKit/537.36 (KHTML, like Gecko) Chrome/32.0.1700.107 Safari/537.36"
210.13.83.18 - - [21/May/2018:15:05:55 +0000] "GET /presentations/logstash-puppetconf-2012/css/reset.css HTTP/1.1" 200 1382 "http://semicomplete.com/presentations/logstash-puppetconf-2012/" "Mozilla/5.0 (Windows NT 6.1; WOW64) AppleWebKit/537.36 (KHTML, like Gecko) Chrome/32.0.1700.107 Safari/537.36"
210.13.83.18 - - [21/May/2018:15:05:13 +0000] "GET /presentations/logstash-puppetconf-2012/css/print.css HTTP/1.1" 200 3995 "http://semicomplete.com/presentations/logstash-puppetconf-2012/" "Mozilla/5.0 (Windows NT 6.1; WOW64) AppleWebKit/537.36 (KHTML, like Gecko) Chrome/32.0.1700.107 Safari/537.36"
210.13.83.18 - - [21/May/2018:15:05:21 +0000] "GET /presentations/logstash-puppetconf-2012/css/main.css HTTP/1.1" 200 26498 "http://semicomplete.com/presentations/logstash-puppetconf-2012/" "Mozilla/5.0 (Windows NT 6.1; WOW64) AppleWebKit/537.36 (KHTML, like Gecko) Chrome/32.0.1700.107 Safari/537.36"
210.13.83.18 - - [21/May/2018:15:05:06 +0000] "GET /presentations/logstash-puppetconf-2012/css/preso.css HTTP/1.1" 200 659 "http://semicomplete.com/presentations/logstash-puppetconf-2012/" "Mozilla/5.0 (Windows NT 6.1; WOW64) AppleWebKit/537.36 (KHTML, like Gecko) Chrome/32.0.1700.107 Safari/537.36"
210.13.83.18 - - [21/May/2018:15:05:07 +0000] "GET /presentations/logstash-puppetconf-2012/lib/css/zenburn.css HTTP/1.1" 200 1791 "http://semicomplete.com/presentations/logstash-puppetconf-2012/" "Mozilla/5.0 (Windows NT 6.1; WOW64) AppleWebKit/537.36 (KHTML, like Gecko) Chrome/32.0.1700.107 Safari/537.36"
210.13.83.18 - - [21/May/2018:15:05:36 +0000] "GET /presentations/logstash-puppetconf-2012/lib/js/head.min.js HTTP/1.1" 200 3170 "http://semicomplete.com/presentations/logstash-puppetconf-2012/" "Mozilla/5.0 (Windows NT 6.1; WOW64) AppleWebKit/537.36 (KHTML, like Gecko) Chrome/32.0.1700.107 Safari/537.36"
210.13.83.18 - - [21/May/2018:15:05:47 +0000] "GET /presentations/logstash-puppetconf-2012/images/logstash.png HTTP/1.1" 200 47731 "http://semicomplete.com/presentations/logstash-puppetconf-2012/" "Mozilla/5.0 (Windows NT 6.1; WOW64) AppleWebKit/537.36 (KHTML, like Gecko) Chrome/32.0.1700.107 Safari/537.36"
210.13.83.18 - - [21/May/2018:15:05:16 +0000] "GET /presentations/logstash-puppetconf-2012/images/nagios-sms1.png HTTP/1.1" 200 55478 "http://semicomplete.com/presentations/logstash-puppetconf-2012/" "Mozilla/5.0 (Windows NT 6.1; WOW64) AppleWebKit/537.36 (KHTML, like Gecko) Chrome/32.0.1700.107 Safari/537.36"
210.13.83.18 - - [21/May/2018:15:05:09 +0000] "GET /presentations/logstash-puppetconf-2012/images/nagios-sms2.png HTTP/1.1" 200 60656 "http://semicomplete.com/presentations/logstash-puppetconf-2012/" "Mozilla/5.0 (Windows NT 6.1; WOW64) AppleWebKit/537.36 (KHTML, like Gecko) Chrome/32.0.1700.107 Safari/537.36"
210.13.83.18 - - [21/May/2018:15:05:39 +0000] "GET /presentations/logstash-puppetconf-2012/images/nagios-sms3.png HTTP/1.1" 200 65917 "http://semicomplete.com/presentations/logstash-puppetconf-2012/" "Mozilla/5.0 (Windows NT 6.1; WOW64) AppleWebKit/537.36 (KHTML, like Gecko) Chrome/32.0.1700.107 Safari/537.36"
210.13.83.18 - - [21/May/2018:15:05:28 +0000] "GET /presentations/logstash-puppetconf-2012/images/sysadvent.png HTTP/1.1" 200 108497 "http://semicomplete.com/presentations/logstash-puppetconf-2012/" "Mozilla/5.0 (Windows NT 6.1; WOW64) AppleWebKit/537.36 (KHTML, like Gecko) Chrome/32.0.1700.107 Safari/537.36"
210.13.83.18 - - [21/May/2018:15:05:00 +0000] "GET /presentations/logstash-puppetconf-2012/js/reveal.js HTTP/1.1" 200 29108 "http://semicomplete.com/presentations/logstash-puppetconf-2012/" "Mozilla/5.0 (Windows NT 6.1; WOW64) AppleWebKit/537.36 (KHTML, like Gecko) Chrome/32.0.1700.107 Safari/537.36"
210.13.83.18 - - [21/May/2018:15:05:03 +0000] "GET /presentations/logstash-puppetconf-2012/images/nagios-sms4.png HTTP/1.1" 200 72949 "http://semicomplete.com/presentations/logstash-puppetconf-2012/" "Mozilla/5.0 (Windows NT 6.1; WOW64) AppleWebKit/537.36 (KHTML, like Gecko) Chrome/32.0.1700.107 Safari/537.36"
210.13.83.18 - - [21/May/2018:15:05:17 +0000] "GET /presentations/logstash-puppetconf-2012/images/nagios-sms5.png HTTP/1.1" 200 78075 "http://semicomplete.com/presentations/logstash-puppetconf-2012/" "Mozilla/5.0 (Windows NT 6.1; WOW64) AppleWebKit/537.36 (KHTML, like Gecko) Chrome/32.0.1700.107 Safari/537.36"
210.13.83.18 - - [21/May/2018:15:05:23 +0000] "GET /presentations/logstash-puppetconf-2012/images/office-space-printer-beat-down-gif.gif HTTP/1.1" 404 364 "http://semicomplete.com/presentations/logstash-puppetconf-2012/" "Mozilla/5.0 (Windows NT 6.1; WOW64) AppleWebKit/537.36 (KHTML, like Gecko) Chrome/32.0.1700.107 Safari/537.36"
